-- Logs begin at Sun 2020-01-12 11:40:48 CST, end at Thu 2020-01-30 15:23:27 CST. --
Jan 30 09:37:23 homeserver kernel: Linux version 5.3.0-29-generic (buildd@lcy01-amd64-024) (gcc version 9.2.1 20191008 (Ubuntu 9.2.1-9ubuntu2)) #31-Ubuntu SMP Fri Jan 17 17:27:26 UTC 2020 (Ubuntu 5.3.0-29.31-generic 5.3.13)
Jan 30 09:37:23 homeserver kernel: Command line: BOOT_IMAGE=/boot/vmlinuz-5.3.0-29-generic root=UUID=f1dba283-bf12-49d4-baa6-59e1acc3fe93 ro quiet splash intel_idle.max_cstate=0 processor.max_cstate=0 crashkernel=512M-:192M vt.handoff=7
Jan 30 09:37:23 homeserver kernel: KERNEL supported cpus:
Jan 30 09:37:23 homeserver kernel:   Intel GenuineIntel
Jan 30 09:37:23 homeserver kernel:   AMD AuthenticAMD
Jan 30 09:37:23 homeserver kernel:   Hygon HygonGenuine
Jan 30 09:37:23 homeserver kernel:   Centaur CentaurHauls
Jan 30 09:37:23 homeserver kernel:   zhaoxin   Shanghai  
Jan 30 09:37:23 homeserver kernel: x86/fpu: Supporting XSAVE feature 0x001: 'x87 floating point registers'
Jan 30 09:37:23 homeserver kernel: x86/fpu: Supporting XSAVE feature 0x002: 'SSE registers'
Jan 30 09:37:23 homeserver kernel: x86/fpu: Supporting XSAVE feature 0x004: 'AVX registers'
Jan 30 09:37:23 homeserver kernel: x86/fpu: xstate_offset[2]:  576, xstate_sizes[2]:  256
Jan 30 09:37:23 homeserver kernel: x86/fpu: Enabled xstate features 0x7, context size is 832 bytes, using 'compacted' format.
Jan 30 09:37:23 homeserver kernel: BIOS-provided physical RAM map:
Jan 30 09:37:23 homeserver kernel: BIOS-e820: [mem 0x0000000000000000-0x000000000009ffff] usable
Jan 30 09:37:23 homeserver kernel: BIOS-e820: [mem 0x00000000000a0000-0x00000000000fffff] reserved
Jan 30 09:37:23 homeserver kernel: BIOS-e820: [mem 0x0000000000100000-0x0000000009d01fff] usable
Jan 30 09:37:23 homeserver kernel: BIOS-e820: [mem 0x0000000009d02000-0x0000000009ffffff] reserved
Jan 30 09:37:23 homeserver kernel: BIOS-e820: [mem 0x000000000a000000-0x000000000a1fffff] usable
Jan 30 09:37:23 homeserver kernel: BIOS-e820: [mem 0x000000000a200000-0x000000000a20bfff] ACPI NVS
Jan 30 09:37:23 homeserver kernel: BIOS-e820: [mem 0x000000000a20c000-0x000000000affffff] usable
Jan 30 09:37:23 homeserver kernel: BIOS-e820: [mem 0x000000000b000000-0x000000000b01ffff] reserved
Jan 30 09:37:23 homeserver kernel: BIOS-e820: [mem 0x000000000b020000-0x00000000db120fff] usable
Jan 30 09:37:23 homeserver kernel: BIOS-e820: [mem 0x00000000db121000-0x00000000dc626fff] reserved
Jan 30 09:37:23 homeserver kernel: BIOS-e820: [mem 0x00000000dc627000-0x00000000dc7a7fff] usable
Jan 30 09:37:23 homeserver kernel: BIOS-e820: [mem 0x00000000dc7a8000-0x00000000dcbb9fff] ACPI NVS
Jan 30 09:37:23 homeserver kernel: BIOS-e820: [mem 0x00000000dcbba000-0x00000000dd6acfff] reserved
Jan 30 09:37:23 homeserver kernel: BIOS-e820: [mem 0x00000000dd6ad000-0x00000000dd73bfff] type 20
Jan 30 09:37:23 homeserver kernel: BIOS-e820: [mem 0x00000000dd73c000-0x00000000deffffff] usable
Jan 30 09:37:23 homeserver kernel: BIOS-e820: [mem 0x00000000df000000-0x00000000dfffffff] reserved
Jan 30 09:37:23 homeserver kernel: BIOS-e820: [mem 0x00000000f8000000-0x00000000fbffffff] reserved
Jan 30 09:37:23 homeserver kernel: BIOS-e820: [mem 0x00000000fd000000-0x00000000ffffffff] reserved
Jan 30 09:37:23 homeserver kernel: BIOS-e820: [mem 0x0000000100000000-0x000000081f37ffff] usable
Jan 30 09:37:23 homeserver kernel: NX (Execute Disable) protection: active
Jan 30 09:37:23 homeserver kernel: efi: EFI v2.70 by American Megatrends
Jan 30 09:37:23 homeserver kernel: efi:  ACPI 2.0=0xdcb37000  ACPI=0xdcb37000  SMBIOS=0xdd572000  SMBIOS 3.0=0xdd571000  MEMATTR=0xd6bf1698  ESRT=0xda1cc718 
Jan 30 09:37:23 homeserver kernel: secureboot: Secure boot could not be determined (mode 0)
Jan 30 09:37:23 homeserver kernel: SMBIOS 3.2.1 present.
Jan 30 09:37:23 homeserver kernel: DMI: To Be Filled By O.E.M. To Be Filled By O.E.M./B450 Gaming-ITX/ac, BIOS P3.70 11/18/2019
Jan 30 09:37:23 homeserver kernel: tsc: Fast TSC calibration using PIT
Jan 30 09:37:23 homeserver kernel: tsc: Detected 3793.208 MHz processor
Jan 30 09:37:23 homeserver kernel: e820: update [mem 0x00000000-0x00000fff] usable ==> reserved
Jan 30 09:37:23 homeserver kernel: e820: remove [mem 0x000a0000-0x000fffff] usable
Jan 30 09:37:23 homeserver kernel: last_pfn = 0x81f380 max_arch_pfn = 0x400000000
Jan 30 09:37:23 homeserver kernel: MTRR default type: uncachable
Jan 30 09:37:23 homeserver kernel: MTRR fixed ranges enabled:
Jan 30 09:37:23 homeserver kernel:   00000-9FFFF write-back
Jan 30 09:37:23 homeserver kernel:   A0000-BFFFF write-through
Jan 30 09:37:23 homeserver kernel:   C0000-FFFFF write-protect
Jan 30 09:37:23 homeserver kernel: MTRR variable ranges enabled:
Jan 30 09:37:23 homeserver kernel:   0 base 000000000000 mask FFFF80000000 write-back
Jan 30 09:37:23 homeserver kernel:   1 base 000080000000 mask FFFFC0000000 write-back
Jan 30 09:37:23 homeserver kernel:   2 base 0000C0000000 mask FFFFE0000000 write-back
Jan 30 09:37:23 homeserver kernel:   3 base 0000DCE80000 mask FFFFFFFF0000 uncachable
Jan 30 09:37:23 homeserver kernel:   4 disabled
Jan 30 09:37:23 homeserver kernel:   5 disabled
Jan 30 09:37:23 homeserver kernel:   6 disabled
Jan 30 09:37:23 homeserver kernel:   7 disabled
Jan 30 09:37:23 homeserver kernel: TOM2: 0000000820000000 aka 33280M
Jan 30 09:37:23 homeserver kernel: x86/PAT: Configuration [0-7]: WB  WC  UC- UC  WB  WP  UC- WT  
Jan 30 09:37:23 homeserver kernel: total RAM covered: 3583M
Jan 30 09:37:23 homeserver kernel: Found optimal setting for mtrr clean up
Jan 30 09:37:23 homeserver kernel:  gran_size: 64K         chunk_size: 64M         num_reg: 4          lose cover RAM: 0G
Jan 30 09:37:23 homeserver kernel: e820: update [mem 0xdce80000-0xdce8ffff] usable ==> reserved
Jan 30 09:37:23 homeserver kernel: e820: update [mem 0xe0000000-0xffffffff] usable ==> reserved
Jan 30 09:37:23 homeserver kernel: last_pfn = 0xdf000 max_arch_pfn = 0x400000000
Jan 30 09:37:23 homeserver kernel: esrt: Reserving ESRT space from 0x00000000da1cc718 to 0x00000000da1cc750.
Jan 30 09:37:23 homeserver kernel: check: Scanning 1 areas for low memory corruption
Jan 30 09:37:23 homeserver kernel: Using GB pages for direct mapping
Jan 30 09:37:23 homeserver kernel: BRK [0x1b2601000, 0x1b2601fff] PGTABLE
Jan 30 09:37:23 homeserver kernel: BRK [0x1b2602000, 0x1b2602fff] PGTABLE
Jan 30 09:37:23 homeserver kernel: BRK [0x1b2603000, 0x1b2603fff] PGTABLE
Jan 30 09:37:23 homeserver kernel: BRK [0x1b2604000, 0x1b2604fff] PGTABLE
Jan 30 09:37:23 homeserver kernel: BRK [0x1b2605000, 0x1b2605fff] PGTABLE
Jan 30 09:37:23 homeserver kernel: BRK [0x1b2606000, 0x1b2606fff] PGTABLE
Jan 30 09:37:23 homeserver kernel: BRK [0x1b2607000, 0x1b2607fff] PGTABLE
Jan 30 09:37:23 homeserver kernel: BRK [0x1b2608000, 0x1b2608fff] PGTABLE
Jan 30 09:37:23 homeserver kernel: BRK [0x1b2609000, 0x1b2609fff] PGTABLE
Jan 30 09:37:23 homeserver kernel: BRK [0x1b260a000, 0x1b260afff] PGTABLE
Jan 30 09:37:23 homeserver kernel: BRK [0x1b260b000, 0x1b260bfff] PGTABLE
Jan 30 09:37:23 homeserver kernel: BRK [0x1b260c000, 0x1b260cfff] PGTABLE
Jan 30 09:37:23 homeserver kernel: RAMDISK: [mem 0x31bb7000-0x34dd2fff]
Jan 30 09:37:23 homeserver kernel: ACPI: Early table checksum verification disabled
Jan 30 09:37:23 homeserver kernel: ACPI: RSDP 0x00000000DCB37000 000024 (v02 ALASKA)
Jan 30 09:37:23 homeserver kernel: ACPI: XSDT 0x00000000DCB370A0 0000C4 (v01 ALASKA A M I    01072009 AMI  00010013)
Jan 30 09:37:23 homeserver kernel: ACPI: FACP 0x00000000DCB3DE80 000114 (v06 ALASKA A M I    01072009 AMI  00010013)
Jan 30 09:37:23 homeserver kernel: ACPI: DSDT 0x00000000DCB37200 006C7A (v02 ALASKA A M I    01072009 INTL 20120913)
Jan 30 09:37:23 homeserver kernel: ACPI: FACS 0x00000000DCBA3E00 000040
Jan 30 09:37:23 homeserver kernel: ACPI: APIC 0x00000000DCB3DF98 00015E (v03 ALASKA A M I    01072009 AMI  00010013)
Jan 30 09:37:23 homeserver kernel: ACPI: FPDT 0x00000000DCB3E0F8 000044 (v01 ALASKA A M I    01072009 AMI  00010013)
Jan 30 09:37:23 homeserver kernel: ACPI: FIDT 0x00000000DCB3E140 00009C (v01 ALASKA A M I    01072009 AMI  00010013)
Jan 30 09:37:23 homeserver kernel: ACPI: SSDT 0x00000000DCB3E1E0 0000C8 (v02 ALASKA CPUSSDT  01072009 AMI  01072009)
Jan 30 09:37:23 homeserver kernel: ACPI: SSDT 0x00000000DCB3E2A8 008C98 (v02 AMD    AMD ALIB 00000002 MSFT 04000000)
Jan 30 09:37:23 homeserver kernel: ACPI: SSDT 0x00000000DCB46F40 00315B (v01 AMD    AMD AOD  00000001 INTL 20120913)
Jan 30 09:37:23 homeserver kernel: ACPI: MCFG 0x00000000DCB4A0A0 00003C (v01 ALASKA A M I    01072009 MSFT 00010013)
Jan 30 09:37:23 homeserver kernel: ACPI: AAFT 0x00000000DCB4A0E0 000447 (v01 ALASKA OEMAAFT  01072009 MSFT 00000097)
Jan 30 09:37:23 homeserver kernel: ACPI: HPET 0x00000000DCB4A528 000038 (v01 ALASKA A M I    01072009 AMI  00000005)
Jan 30 09:37:23 homeserver kernel: ACPI: UEFI 0x00000000DCB4A560 000042 (v01 ALASKA A M I    00000002      01000013)
Jan 30 09:37:23 homeserver kernel: ACPI: BGRT 0x00000000DCB4A5A8 000038 (v01 ALASKA A M I    01072009 AMI  00010013)
Jan 30 09:37:23 homeserver kernel: ACPI: PCCT 0x00000000DCB4A5E0 00006E (v01 AMD    AMD PCCT 00000001 AMD  00000000)
Jan 30 09:37:23 homeserver kernel: ACPI: SSDT 0x00000000DCB4A650 0029D1 (v01 AMD    AMD CPU  00000001 AMD  00000001)
Jan 30 09:37:23 homeserver kernel: ACPI: CRAT 0x00000000DCB4D028 000B58 (v01 AMD    AMD CRAT 00000001 AMD  00000001)
Jan 30 09:37:23 homeserver kernel: ACPI: CDIT 0x00000000DCB4DB80 000029 (v01 AMD    AMD CDIT 00000001 AMD  00000001)
Jan 30 09:37:23 homeserver kernel: ACPI: SSDT 0x00000000DCB4DBB0 001D34 (v01 AMD    AmdTable 00000001 INTL 20120913)
Jan 30 09:37:23 homeserver kernel: ACPI: SSDT 0x00000000DCB4F8E8 0000BF (v01 AMD    AMD PT   00001000 INTL 20120913)
Jan 30 09:37:23 homeserver kernel: ACPI: WSMT 0x00000000DCB4F9A8 000028 (v01 ALASKA A M I    01072009 AMI  00010013)
Jan 30 09:37:23 homeserver kernel: ACPI: SSDT 0x00000000DCB4F9D0 0010AF (v01 AMD    AmdTable 00000001 INTL 20120913)
Jan 30 09:37:23 homeserver kernel: ACPI: Local APIC address 0xfee00000
Jan 30 09:37:23 homeserver kernel: No NUMA configuration found
Jan 30 09:37:23 homeserver kernel: Faking a node at [mem 0x0000000000000000-0x000000081f37ffff]
Jan 30 09:37:23 homeserver kernel: NODE_DATA(0) allocated [mem 0x81f355000-0x81f37ffff]
Jan 30 09:37:23 homeserver kernel: Reserving 192MB of memory at 3232MB for crashkernel (System RAM: 32699MB)
Jan 30 09:37:23 homeserver kernel: Zone ranges:
Jan 30 09:37:23 homeserver kernel:   DMA      [mem 0x0000000000001000-0x0000000000ffffff]
Jan 30 09:37:23 homeserver kernel:   DMA32    [mem 0x0000000001000000-0x00000000ffffffff]
Jan 30 09:37:23 homeserver kernel:   Normal   [mem 0x0000000100000000-0x000000081f37ffff]
Jan 30 09:37:23 homeserver kernel:   Device   empty
Jan 30 09:37:23 homeserver kernel: Movable zone start for each node
Jan 30 09:37:23 homeserver kernel: Early memory node ranges
Jan 30 09:37:23 homeserver kernel:   node   0: [mem 0x0000000000001000-0x000000000009ffff]
Jan 30 09:37:23 homeserver kernel:   node   0: [mem 0x0000000000100000-0x0000000009d01fff]
Jan 30 09:37:23 homeserver kernel:   node   0: [mem 0x000000000a000000-0x000000000a1fffff]
Jan 30 09:37:23 homeserver kernel:   node   0: [mem 0x000000000a20c000-0x000000000affffff]
Jan 30 09:37:23 homeserver kernel:   node   0: [mem 0x000000000b020000-0x00000000db120fff]
Jan 30 09:37:23 homeserver kernel:   node   0: [mem 0x00000000dc627000-0x00000000dc7a7fff]
Jan 30 09:37:23 homeserver kernel:   node   0: [mem 0x00000000dd73c000-0x00000000deffffff]
Jan 30 09:37:23 homeserver kernel:   node   0: [mem 0x0000000100000000-0x000000081f37ffff]
Jan 30 09:37:23 homeserver kernel: Zeroed struct page in unavailable ranges: 14373 pages
Jan 30 09:37:23 homeserver kernel: Initmem setup node 0 [mem 0x0000000000001000-0x000000081f37ffff]
Jan 30 09:37:23 homeserver kernel: On node 0 totalpages: 8371035
Jan 30 09:37:23 homeserver kernel:   DMA zone: 64 pages used for memmap
Jan 30 09:37:23 homeserver kernel:   DMA zone: 32 pages reserved
Jan 30 09:37:23 homeserver kernel:   DMA zone: 3999 pages, LIFO batch:0
Jan 30 09:37:23 homeserver kernel:   DMA32 zone: 14049 pages used for memmap
Jan 30 09:37:23 homeserver kernel:   DMA32 zone: 899132 pages, LIFO batch:63
Jan 30 09:37:23 homeserver kernel:   Normal zone: 116686 pages used for memmap
Jan 30 09:37:23 homeserver kernel:   Normal zone: 7467904 pages, LIFO batch:63
Jan 30 09:37:23 homeserver kernel: ACPI: PM-Timer IO Port: 0x808
Jan 30 09:37:23 homeserver kernel: ACPI: Local APIC address 0xfee00000
Jan 30 09:37:23 homeserver kernel: ACPI: LAPIC_NMI (acpi_id[0xff] high edge lint[0x1])
Jan 30 09:37:23 homeserver kernel: IOAPIC[0]: apic_id 13, version 33, address 0xfec00000, GSI 0-23
Jan 30 09:37:23 homeserver kernel: IOAPIC[1]: apic_id 14, version 33, address 0xfec01000, GSI 24-55
Jan 30 09:37:23 homeserver kernel: ACPI: INT_SRC_OVR (bus 0 bus_irq 0 global_irq 2 dfl dfl)
Jan 30 09:37:23 homeserver kernel: ACPI: INT_SRC_OVR (bus 0 bus_irq 9 global_irq 9 low level)
Jan 30 09:37:23 homeserver kernel: ACPI: IRQ0 used by override.
Jan 30 09:37:23 homeserver kernel: ACPI: IRQ9 used by override.
Jan 30 09:37:23 homeserver kernel: Using ACPI (MADT) for SMP configuration information
Jan 30 09:37:23 homeserver kernel: ACPI: HPET id: 0x10228201 base: 0xfed00000
Jan 30 09:37:23 homeserver kernel: smpboot: Allowing 32 CPUs, 20 hotplug CPUs
Jan 30 09:37:23 homeserver kernel: PM: Registered nosave memory: [mem 0x00000000-0x00000fff]
Jan 30 09:37:23 homeserver kernel: PM: Registered nosave memory: [mem 0x000a0000-0x000fffff]
Jan 30 09:37:23 homeserver kernel: PM: Registered nosave memory: [mem 0x09d02000-0x09ffffff]
Jan 30 09:37:23 homeserver kernel: PM: Registered nosave memory: [mem 0x0a200000-0x0a20bfff]
Jan 30 09:37:23 homeserver kernel: PM: Registered nosave memory: [mem 0x0b000000-0x0b01ffff]
Jan 30 09:37:23 homeserver kernel: PM: Registered nosave memory: [mem 0xdb121000-0xdc626fff]
Jan 30 09:37:23 homeserver kernel: PM: Registered nosave memory: [mem 0xdc7a8000-0xdcbb9fff]
Jan 30 09:37:23 homeserver kernel: PM: Registered nosave memory: [mem 0xdcbba000-0xdd6acfff]
Jan 30 09:37:23 homeserver kernel: PM: Registered nosave memory: [mem 0xdd6ad000-0xdd73bfff]
Jan 30 09:37:23 homeserver kernel: PM: Registered nosave memory: [mem 0xdf000000-0xdfffffff]
Jan 30 09:37:23 homeserver kernel: PM: Registered nosave memory: [mem 0xe0000000-0xf7ffffff]
Jan 30 09:37:23 homeserver kernel: PM: Registered nosave memory: [mem 0xf8000000-0xfbffffff]
Jan 30 09:37:23 homeserver kernel: PM: Registered nosave memory: [mem 0xfc000000-0xfcffffff]
Jan 30 09:37:23 homeserver kernel: PM: Registered nosave memory: [mem 0xfd000000-0xffffffff]
Jan 30 09:37:23 homeserver kernel: [mem 0xe0000000-0xf7ffffff] available for PCI devices
Jan 30 09:37:23 homeserver kernel: Booting paravirtualized kernel on bare hardware
Jan 30 09:37:23 homeserver kernel: clocksource: refined-jiffies: mask: 0xffffffff max_cycles: 0xffffffff, max_idle_ns: 7645519600211568 ns
Jan 30 09:37:23 homeserver kernel: setup_percpu: NR_CPUS:8192 nr_cpumask_bits:32 nr_cpu_ids:32 nr_node_ids:1
Jan 30 09:37:23 homeserver kernel: percpu: Embedded 54 pages/cpu s184320 r8192 d28672 u262144
Jan 30 09:37:23 homeserver kernel: pcpu-alloc: s184320 r8192 d28672 u262144 alloc=1*2097152
Jan 30 09:37:23 homeserver kernel: pcpu-alloc: [0] 00 01 02 03 04 05 06 07 [0] 08 09 10 11 12 13 14 15 
Jan 30 09:37:23 homeserver kernel: pcpu-alloc: [0] 16 17 18 19 20 21 22 23 [0] 24 25 26 27 28 29 30 31 
Jan 30 09:37:23 homeserver kernel: Built 1 zonelists, mobility grouping on.  Total pages: 8240204
Jan 30 09:37:23 homeserver kernel: Policy zone: Normal
Jan 30 09:37:23 homeserver kernel: Kernel command line: BOOT_IMAGE=/boot/vmlinuz-5.3.0-29-generic root=UUID=f1dba283-bf12-49d4-baa6-59e1acc3fe93 ro quiet splash intel_idle.max_cstate=0 processor.max_cstate=0 crashkernel=512M-:192M vt.handoff=7
Jan 30 09:37:23 homeserver kernel: Dentry cache hash table entries: 4194304 (order: 13, 33554432 bytes, linear)
Jan 30 09:37:23 homeserver kernel: Inode-cache hash table entries: 2097152 (order: 12, 16777216 bytes, linear)
Jan 30 09:37:23 homeserver kernel: mem auto-init: stack:off, heap alloc:on, heap free:off
Jan 30 09:37:23 homeserver kernel: Calgary: detecting Calgary via BIOS EBDA area
Jan 30 09:37:23 homeserver kernel: Calgary: Unable to locate Rio Grande table in EBDA - bailing!
Jan 30 09:37:23 homeserver kernel: Memory: 32505428K/33484140K available (14339K kernel code, 2388K rwdata, 4728K rodata, 2668K init, 5056K bss, 978712K reserved, 0K cma-reserved)
Jan 30 09:37:23 homeserver kernel: SLUB: HWalign=64, Order=0-3, MinObjects=0, CPUs=32, Nodes=1
Jan 30 09:37:23 homeserver kernel: ftrace: allocating 43225 entries in 169 pages
Jan 30 09:37:23 homeserver kernel: rcu: Hierarchical RCU implementation.
Jan 30 09:37:23 homeserver kernel: rcu:         RCU restricting CPUs from NR_CPUS=8192 to nr_cpu_ids=32.
Jan 30 09:37:23 homeserver kernel:         Tasks RCU enabled.
Jan 30 09:37:23 homeserver kernel: rcu: RCU calculated value of scheduler-enlistment delay is 25 jiffies.
Jan 30 09:37:23 homeserver kernel: rcu: Adjusting geometry for rcu_fanout_leaf=16, nr_cpu_ids=32
Jan 30 09:37:23 homeserver kernel: NR_IRQS: 524544, nr_irqs: 1224, preallocated irqs: 16
Jan 30 09:37:23 homeserver kernel: random: crng done (trusting CPU's manufacturer)
Jan 30 09:37:23 homeserver kernel: vt handoff: transparent VT on vt#7
Jan 30 09:37:23 homeserver kernel: Console: colour dummy device 80x25
Jan 30 09:37:23 homeserver kernel: printk: console [tty0] enabled
Jan 30 09:37:23 homeserver kernel: ACPI: Core revision 20190703
Jan 30 09:37:23 homeserver kernel: clocksource: hpet: mask: 0xffffffff max_cycles: 0xffffffff, max_idle_ns: 133484873504 ns
Jan 30 09:37:23 homeserver kernel: APIC: Switch to symmetric I/O mode setup
Jan 30 09:37:23 homeserver kernel: Switched APIC routing to physical flat.
Jan 30 09:37:23 homeserver kernel: ..TIMER: vector=0x30 apic1=0 pin1=2 apic2=-1 pin2=-1
Jan 30 09:37:23 homeserver kernel: clocksource: tsc-early: mask: 0xffffffffffffffff max_cycles: 0x6d5a9220a95, max_idle_ns: 881591138668 ns
Jan 30 09:37:23 homeserver kernel: Calibrating delay loop (skipped), value calculated using timer frequency.. 7586.41 BogoMIPS (lpj=15172832)
Jan 30 09:37:23 homeserver kernel: pid_max: default: 32768 minimum: 301
Jan 30 09:37:23 homeserver kernel: LSM: Security Framework initializing
Jan 30 09:37:23 homeserver kernel: Yama: becoming mindful.
Jan 30 09:37:23 homeserver kernel: AppArmor: AppArmor initialized
Jan 30 09:37:23 homeserver kernel: Mount-cache hash table entries: 65536 (order: 7, 524288 bytes, linear)
Jan 30 09:37:23 homeserver kernel: Mountpoint-cache hash table entries: 65536 (order: 7, 524288 bytes, linear)
Jan 30 09:37:23 homeserver kernel: *** VALIDATE proc ***
Jan 30 09:37:23 homeserver kernel: *** VALIDATE cgroup1 ***
Jan 30 09:37:23 homeserver kernel: *** VALIDATE cgroup2 ***
Jan 30 09:37:23 homeserver kernel: x86/cpu: User Mode Instruction Prevention (UMIP) activated
Jan 30 09:37:23 homeserver kernel: LVT offset 1 assigned for vector 0xf9
Jan 30 09:37:23 homeserver kernel: LVT offset 2 assigned for vector 0xf4
Jan 30 09:37:23 homeserver kernel: Last level iTLB entries: 4KB 1024, 2MB 1024, 4MB 512
Jan 30 09:37:23 homeserver kernel: Last level dTLB entries: 4KB 2048, 2MB 2048, 4MB 1024, 1GB 0
Jan 30 09:37:23 homeserver kernel: Spectre V1 : Mitigation: usercopy/swapgs barriers and __user pointer sanitization
Jan 30 09:37:23 homeserver kernel: Spectre V2 : Mitigation: Full AMD retpoline
Jan 30 09:37:23 homeserver kernel: Spectre V2 : Spectre v2 / SpectreRSB mitigation: Filling RSB on context switch
Jan 30 09:37:23 homeserver kernel: Spectre V2 : mitigation: Enabling conditional Indirect Branch Prediction Barrier
Jan 30 09:37:23 homeserver kernel: Spectre V2 : User space: Mitigation: STIBP via seccomp and prctl
Jan 30 09:37:23 homeserver kernel: Speculative Store Bypass: Mitigation: Speculative Store Bypass disabled via prctl and seccomp
Jan 30 09:37:23 homeserver kernel: Freeing SMP alternatives memory: 36K
Jan 30 09:37:23 homeserver kernel: smpboot: CPU0: AMD Ryzen 5 3600X 6-Core Processor (family: 0x17, model: 0x71, stepping: 0x0)
Jan 30 09:37:23 homeserver kernel: Performance Events: Fam17h core perfctr, AMD PMU driver.
Jan 30 09:37:23 homeserver kernel: ... version:                0
Jan 30 09:37:23 homeserver kernel: ... bit width:              48
Jan 30 09:37:23 homeserver kernel: ... generic registers:      6
Jan 30 09:37:23 homeserver kernel: ... value mask:             0000ffffffffffff
Jan 30 09:37:23 homeserver kernel: ... max period:             00007fffffffffff
Jan 30 09:37:23 homeserver kernel: ... fixed-purpose events:   0
Jan 30 09:37:23 homeserver kernel: ... event mask:             000000000000003f
Jan 30 09:37:23 homeserver kernel: rcu: Hierarchical SRCU implementation.
Jan 30 09:37:23 homeserver kernel: NMI watchdog: Enabled. Permanently consumes one hw-PMU counter.
Jan 30 09:37:23 homeserver kernel: smp: Bringing up secondary CPUs ...
Jan 30 09:37:23 homeserver kernel: x86: Booting SMP configuration:
Jan 30 09:37:23 homeserver kernel: .... node  #0, CPUs:        #1  #2  #3  #4  #5  #6  #7  #8  #9 #10 #11
Jan 30 09:37:23 homeserver kernel: smp: Brought up 1 node, 12 CPUs
Jan 30 09:37:23 homeserver kernel: smpboot: Max logical packages: 3
Jan 30 09:37:23 homeserver kernel: smpboot: Total of 12 processors activated (91036.99 BogoMIPS)
Jan 30 09:37:23 homeserver kernel: devtmpfs: initialized
Jan 30 09:37:23 homeserver kernel: x86/mm: Memory block size: 128MB
Jan 30 09:37:23 homeserver kernel: PM: Registering ACPI NVS region [mem 0x0a200000-0x0a20bfff] (49152 bytes)
Jan 30 09:37:23 homeserver kernel: PM: Registering ACPI NVS region [mem 0xdc7a8000-0xdcbb9fff] (4268032 bytes)
Jan 30 09:37:23 homeserver kernel: clocksource: jiffies: mask: 0xffffffff max_cycles: 0xffffffff, max_idle_ns: 7645041785100000 ns
Jan 30 09:37:23 homeserver kernel: futex hash table entries: 8192 (order: 7, 524288 bytes, linear)
Jan 30 09:37:23 homeserver kernel: pinctrl core: initialized pinctrl subsystem
Jan 30 09:37:23 homeserver kernel: PM: RTC time: 15:37:20, date: 2020-01-30
Jan 30 09:37:23 homeserver kernel: NET: Registered protocol family 16
Jan 30 09:37:23 homeserver kernel: audit: initializing netlink subsys (disabled)
Jan 30 09:37:23 homeserver kernel: audit: type=2000 audit(1580398640.156:1): state=initialized audit_enabled=0 res=1
Jan 30 09:37:23 homeserver kernel: EISA bus registered
Jan 30 09:37:23 homeserver kernel: cpuidle: using governor ladder
Jan 30 09:37:23 homeserver kernel: cpuidle: using governor menu
Jan 30 09:37:23 homeserver kernel: Detected 1 PCC Subspaces
Jan 30 09:37:23 homeserver kernel: Registering PCC driver as Mailbox controller
Jan 30 09:37:23 homeserver kernel: ACPI: bus type PCI registered
Jan 30 09:37:23 homeserver kernel: acpiphp: ACPI Hot Plug PCI Controller Driver version: 0.5
Jan 30 09:37:23 homeserver kernel: PCI: MMCONFIG for domain 0000 [bus 00-3f] at [mem 0xf8000000-0xfbffffff] (base 0xf8000000)
Jan 30 09:37:23 homeserver kernel: PCI: MMCONFIG at [mem 0xf8000000-0xfbffffff] reserved in E820
Jan 30 09:37:23 homeserver kernel: PCI: Using configuration type 1 for base access
Jan 30 09:37:23 homeserver kernel: HugeTLB registered 1.00 GiB page size, pre-allocated 0 pages
Jan 30 09:37:23 homeserver kernel: HugeTLB registered 2.00 MiB page size, pre-allocated 0 pages
Jan 30 09:37:23 homeserver kernel: ACPI: Added _OSI(Module Device)
Jan 30 09:37:23 homeserver kernel: ACPI: Added _OSI(Processor Device)
Jan 30 09:37:23 homeserver kernel: ACPI: Added _OSI(3.0 _SCP Extensions)
Jan 30 09:37:23 homeserver kernel: ACPI: Added _OSI(Processor Aggregator Device)
Jan 30 09:37:23 homeserver kernel: ACPI: Added _OSI(Linux-Dell-Video)
Jan 30 09:37:23 homeserver kernel: ACPI: Added _OSI(Linux-Lenovo-NV-HDMI-Audio)
Jan 30 09:37:23 homeserver kernel: ACPI: Added _OSI(Linux-HPI-Hybrid-Graphics)
Jan 30 09:37:23 homeserver kernel: ACPI: 8 ACPI AML tables successfully acquired and loaded
Jan 30 09:37:23 homeserver kernel: ACPI: [Firmware Bug]: BIOS _OSI(Linux) query ignored
Jan 30 09:37:23 homeserver kernel: ACPI: Interpreter enabled
Jan 30 09:37:23 homeserver kernel: ACPI: (supports S0 S3 S4 S5)
Jan 30 09:37:23 homeserver kernel: ACPI: Using IOAPIC for interrupt routing
Jan 30 09:37:23 homeserver kernel: PCI: Using host bridge windows from ACPI; if necessary, use "pci=nocrs" and report a bug
Jan 30 09:37:23 homeserver kernel: ACPI: Enabled 2 GPEs in block 00 to 1F
Jan 30 09:37:23 homeserver kernel: ACPI: PCI Root Bridge [PCI0] (domain 0000 [bus 00-ff])
Jan 30 09:37:23 homeserver kernel: acpi PNP0A08:00: _OSC: OS supports [ExtendedConfig ASPM ClockPM Segments MSI HPX-Type3]
Jan 30 09:37:23 homeserver kernel: acpi PNP0A08:00: _OSC: platform does not support [SHPCHotplug LTR]
Jan 30 09:37:23 homeserver kernel: acpi PNP0A08:00: _OSC: OS now controls [PCIeHotplug PME AER PCIeCapability]
Jan 30 09:37:23 homeserver kernel: acpi PNP0A08:00: [Firmware Info]: MMCONFIG for domain 0000 [bus 00-3f] only partially covers this bridge
Jan 30 09:37:23 homeserver kernel: PCI host bridge to bus 0000:00
Jan 30 09:37:23 homeserver kernel: pci_bus 0000:00: root bus resource [io  0x0000-0x03af window]
Jan 30 09:37:23 homeserver kernel: pci_bus 0000:00: root bus resource [io  0x03e0-0x0cf7 window]
Jan 30 09:37:23 homeserver kernel: pci_bus 0000:00: root bus resource [io  0x03b0-0x03df window]
Jan 30 09:37:23 homeserver kernel: pci_bus 0000:00: root bus resource [io  0x0d00-0xffff window]
Jan 30 09:37:23 homeserver kernel: pci_bus 0000:00: root bus resource [mem 0x000a0000-0x000bffff window]
Jan 30 09:37:23 homeserver kernel: pci_bus 0000:00: root bus resource [mem 0x000c0000-0x000dffff window]
Jan 30 09:37:23 homeserver kernel: pci_bus 0000:00: root bus resource [mem 0xe0000000-0xfec2ffff window]
Jan 30 09:37:23 homeserver kernel: pci_bus 0000:00: root bus resource [mem 0xfee00000-0xffffffff window]
Jan 30 09:37:23 homeserver kernel: pci_bus 0000:00: root bus resource [bus 00-ff]
Jan 30 09:37:23 homeserver kernel: pci 0000:00:00.0: [1022:1480] type 00 class 0x060000
Jan 30 09:37:23 homeserver kernel: pci 0000:00:01.0: [1022:1482] type 00 class 0x060000
Jan 30 09:37:23 homeserver kernel: pci 0000:00:01.1: [1022:1483] type 01 class 0x060400
Jan 30 09:37:23 homeserver kernel: pci 0000:00:01.1: enabling Extended Tags
Jan 30 09:37:23 homeserver kernel: pci 0000:00:01.1: PME# supported from D0 D3hot D3cold
Jan 30 09:37:23 homeserver kernel: pci 0000:00:01.3: [1022:1483] type 01 class 0x060400
Jan 30 09:37:23 homeserver kernel: pci 0000:00:01.3: enabling Extended Tags
Jan 30 09:37:23 homeserver kernel: pci 0000:00:01.3: PME# supported from D0 D3hot D3cold
Jan 30 09:37:23 homeserver kernel: pci 0000:00:02.0: [1022:1482] type 00 class 0x060000
Jan 30 09:37:23 homeserver kernel: pci 0000:00:03.0: [1022:1482] type 00 class 0x060000
Jan 30 09:37:23 homeserver kernel: pci 0000:00:03.1: [1022:1483] type 01 class 0x060400
Jan 30 09:37:23 homeserver kernel: pci 0000:00:03.1: PME# supported from D0 D3hot D3cold
Jan 30 09:37:23 homeserver kernel: pci 0000:00:04.0: [1022:1482] type 00 class 0x060000
Jan 30 09:37:23 homeserver kernel: pci 0000:00:05.0: [1022:1482] type 00 class 0x060000
Jan 30 09:37:23 homeserver kernel: pci 0000:00:07.0: [1022:1482] type 00 class 0x060000
Jan 30 09:37:23 homeserver kernel: pci 0000:00:07.1: [1022:1484] type 01 class 0x060400
Jan 30 09:37:23 homeserver kernel: pci 0000:00:07.1: enabling Extended Tags
Jan 30 09:37:23 homeserver kernel: pci 0000:00:07.1: PME# supported from D0 D3hot D3cold
Jan 30 09:37:23 homeserver kernel: pci 0000:00:08.0: [1022:1482] type 00 class 0x060000
Jan 30 09:37:23 homeserver kernel: pci 0000:00:08.1: [1022:1484] type 01 class 0x060400
Jan 30 09:37:23 homeserver kernel: pci 0000:00:08.1: enabling Extended Tags
Jan 30 09:37:23 homeserver kernel: pci 0000:00:08.1: PME# supported from D0 D3hot D3cold
Jan 30 09:37:23 homeserver kernel: pci 0000:00:08.2: [1022:1484] type 01 class 0x060400
Jan 30 09:37:23 homeserver kernel: pci 0000:00:08.2: enabling Extended Tags
Jan 30 09:37:23 homeserver kernel: pci 0000:00:08.2: PME# supported from D0 D3hot D3cold
Jan 30 09:37:23 homeserver kernel: pci 0000:00:08.3: [1022:1484] type 01 class 0x060400
Jan 30 09:37:23 homeserver kernel: pci 0000:00:08.3: enabling Extended Tags
Jan 30 09:37:23 homeserver kernel: pci 0000:00:08.3: PME# supported from D0 D3hot D3cold
Jan 30 09:37:23 homeserver kernel: pci 0000:00:14.0: [1022:790b] type 00 class 0x0c0500
Jan 30 09:37:23 homeserver kernel: pci 0000:00:14.3: [1022:790e] type 00 class 0x060100
Jan 30 09:37:23 homeserver kernel: pci 0000:00:18.0: [1022:1440] type 00 class 0x060000
Jan 30 09:37:23 homeserver kernel: pci 0000:00:18.1: [1022:1441] type 00 class 0x060000
Jan 30 09:37:23 homeserver kernel: pci 0000:00:18.2: [1022:1442] type 00 class 0x060000
Jan 30 09:37:23 homeserver kernel: pci 0000:00:18.3: [1022:1443] type 00 class 0x060000
Jan 30 09:37:23 homeserver kernel: pci 0000:00:18.4: [1022:1444] type 00 class 0x060000
Jan 30 09:37:23 homeserver kernel: pci 0000:00:18.5: [1022:1445] type 00 class 0x060000
Jan 30 09:37:23 homeserver kernel: pci 0000:00:18.6: [1022:1446] type 00 class 0x060000
Jan 30 09:37:23 homeserver kernel: pci 0000:00:18.7: [1022:1447] type 00 class 0x060000
Jan 30 09:37:23 homeserver kernel: pci 0000:01:00.0: [144d:a808] type 00 class 0x010802
Jan 30 09:37:23 homeserver kernel: pci 0000:01:00.0: reg 0x10: [mem 0xfcf00000-0xfcf03fff 64bit]
Jan 30 09:37:23 homeserver kernel: pci 0000:00:01.1: PCI bridge to [bus 01]
Jan 30 09:37:23 homeserver kernel: pci 0000:00:01.1:   bridge window [mem 0xfcf00000-0xfcffffff]
Jan 30 09:37:23 homeserver kernel: pci 0000:02:00.0: [1022:43d5] type 00 class 0x0c0330
Jan 30 09:37:23 homeserver kernel: pci 0000:02:00.0: reg 0x10: [mem 0xfcba0000-0xfcba7fff 64bit]
Jan 30 09:37:23 homeserver kernel: pci 0000:02:00.0: enabling Extended Tags
Jan 30 09:37:23 homeserver kernel: pci 0000:02:00.0: PME# supported from D3hot D3cold
Jan 30 09:37:23 homeserver kernel: pci 0000:02:00.1: [1022:43c8] type 00 class 0x010601
Jan 30 09:37:23 homeserver kernel: pci 0000:02:00.1: reg 0x24: [mem 0xfcb80000-0xfcb9ffff]
Jan 30 09:37:23 homeserver kernel: pci 0000:02:00.1: reg 0x30: [mem 0xfcb00000-0xfcb7ffff pref]
Jan 30 09:37:23 homeserver kernel: pci 0000:02:00.1: enabling Extended Tags
Jan 30 09:37:23 homeserver kernel: pci 0000:02:00.1: PME# supported from D3hot D3cold
Jan 30 09:37:23 homeserver kernel: pci 0000:02:00.2: [1022:43c6] type 01 class 0x060400
Jan 30 09:37:23 homeserver kernel: pci 0000:02:00.2: enabling Extended Tags
Jan 30 09:37:23 homeserver kernel: pci 0000:02:00.2: PME# supported from D3hot D3cold
Jan 30 09:37:23 homeserver kernel: pci 0000:00:01.3: PCI bridge to [bus 02-09]
Jan 30 09:37:23 homeserver kernel: pci 0000:00:01.3:   bridge window [io  0xf000-0xffff]
Jan 30 09:37:23 homeserver kernel: pci 0000:00:01.3:   bridge window [mem 0xfc900000-0xfcbfffff]
Jan 30 09:37:23 homeserver kernel: pci 0000:03:00.0: [1022:43c7] type 01 class 0x060400
Jan 30 09:37:23 homeserver kernel: pci 0000:03:00.0: enabling Extended Tags
Jan 30 09:37:23 homeserver kernel: pci 0000:03:00.0: PME# supported from D3hot D3cold
Jan 30 09:37:23 homeserver kernel: pci 0000:03:01.0: [1022:43c7] type 01 class 0x060400
Jan 30 09:37:23 homeserver kernel: pci 0000:03:01.0: enabling Extended Tags
Jan 30 09:37:23 homeserver kernel: pci 0000:03:01.0: PME# supported from D3hot D3cold
Jan 30 09:37:23 homeserver kernel: pci 0000:03:04.0: [1022:43c7] type 01 class 0x060400
Jan 30 09:37:23 homeserver kernel: pci 0000:03:04.0: enabling Extended Tags
Jan 30 09:37:23 homeserver kernel: pci 0000:03:04.0: PME# supported from D3hot D3cold
Jan 30 09:37:23 homeserver kernel: pci 0000:03:05.0: [1022:43c7] type 01 class 0x060400
Jan 30 09:37:23 homeserver kernel: pci 0000:03:05.0: enabling Extended Tags
Jan 30 09:37:23 homeserver kernel: pci 0000:03:05.0: PME# supported from D3hot D3cold
Jan 30 09:37:23 homeserver kernel: pci 0000:03:06.0: [1022:43c7] type 01 class 0x060400
Jan 30 09:37:23 homeserver kernel: pci 0000:03:06.0: enabling Extended Tags
Jan 30 09:37:23 homeserver kernel: pci 0000:03:06.0: PME# supported from D3hot D3cold
Jan 30 09:37:23 homeserver kernel: pci 0000:03:07.0: [1022:43c7] type 01 class 0x060400
Jan 30 09:37:23 homeserver kernel: pci 0000:03:07.0: enabling Extended Tags
Jan 30 09:37:23 homeserver kernel: pci 0000:03:07.0: PME# supported from D3hot D3cold
Jan 30 09:37:23 homeserver kernel: pci 0000:02:00.2: PCI bridge to [bus 03-09]
Jan 30 09:37:23 homeserver kernel: pci 0000:02:00.2:   bridge window [io  0xf000-0xffff]
Jan 30 09:37:23 homeserver kernel: pci 0000:02:00.2:   bridge window [mem 0xfc900000-0xfcafffff]
Jan 30 09:37:23 homeserver kernel: pci 0000:03:00.0: PCI bridge to [bus 04]
Jan 30 09:37:23 homeserver kernel: pci 0000:03:01.0: PCI bridge to [bus 05]
Jan 30 09:37:23 homeserver kernel: pci 0000:03:04.0: PCI bridge to [bus 06]
Jan 30 09:37:23 homeserver kernel: pci 0000:03:05.0: PCI bridge to [bus 07]
Jan 30 09:37:23 homeserver kernel: pci 0000:08:00.0: [8086:24fb] type 00 class 0x028000
Jan 30 09:37:23 homeserver kernel: pci 0000:08:00.0: reg 0x10: [mem 0xfca00000-0xfca01fff 64bit]
Jan 30 09:37:23 homeserver kernel: pci 0000:08:00.0: PME# supported from D0 D3hot D3cold
Jan 30 09:37:23 homeserver kernel: pci 0000:03:06.0: PCI bridge to [bus 08]
Jan 30 09:37:23 homeserver kernel: pci 0000:03:06.0:   bridge window [mem 0xfca00000-0xfcafffff]
Jan 30 09:37:23 homeserver kernel: pci 0000:09:00.0: [8086:1539] type 00 class 0x020000
Jan 30 09:37:23 homeserver kernel: pci 0000:09:00.0: reg 0x10: [mem 0xfc900000-0xfc91ffff]
Jan 30 09:37:23 homeserver kernel: pci 0000:09:00.0: reg 0x18: [io  0xf000-0xf01f]
Jan 30 09:37:23 homeserver kernel: pci 0000:09:00.0: reg 0x1c: [mem 0xfc920000-0xfc923fff]
Jan 30 09:37:23 homeserver kernel: pci 0000:09:00.0: PME# supported from D0 D3hot D3cold
Jan 30 09:37:23 homeserver kernel: pci 0000:03:07.0: PCI bridge to [bus 09]
Jan 30 09:37:23 homeserver kernel: pci 0000:03:07.0:   bridge window [io  0xf000-0xffff]
Jan 30 09:37:23 homeserver kernel: pci 0000:03:07.0:   bridge window [mem 0xfc900000-0xfc9fffff]
Jan 30 09:37:23 homeserver kernel: pci 0000:0a:00.0: [1002:6613] type 00 class 0x030000
Jan 30 09:37:23 homeserver kernel: pci 0000:0a:00.0: reg 0x10: [mem 0xe0000000-0xefffffff 64bit pref]
Jan 30 09:37:23 homeserver kernel: pci 0000:0a:00.0: reg 0x18: [mem 0xfce00000-0xfce3ffff 64bit]
Jan 30 09:37:23 homeserver kernel: pci 0000:0a:00.0: reg 0x20: [io  0xe000-0xe0ff]
Jan 30 09:37:23 homeserver kernel: pci 0000:0a:00.0: reg 0x30: [mem 0xfce40000-0xfce5ffff pref]
Jan 30 09:37:23 homeserver kernel: pci 0000:0a:00.0: BAR 0: assigned to efifb
Jan 30 09:37:23 homeserver kernel: pci 0000:0a:00.0: supports D1 D2
Jan 30 09:37:23 homeserver kernel: pci 0000:0a:00.0: PME# supported from D1 D2 D3hot
Jan 30 09:37:23 homeserver kernel: pci 0000:0a:00.1: [1002:aab0] type 00 class 0x040300
Jan 30 09:37:23 homeserver kernel: pci 0000:0a:00.1: reg 0x10: [mem 0xfce60000-0xfce63fff 64bit]
Jan 30 09:37:23 homeserver kernel: pci 0000:0a:00.1: supports D1 D2
Jan 30 09:37:23 homeserver kernel: pci 0000:00:03.1: PCI bridge to [bus 0a]
Jan 30 09:37:23 homeserver kernel: pci 0000:00:03.1:   bridge window [io  0xe000-0xefff]
Jan 30 09:37:23 homeserver kernel: pci 0000:00:03.1:   bridge window [mem 0xfce00000-0xfcefffff]
Jan 30 09:37:23 homeserver kernel: pci 0000:00:03.1:   bridge window [mem 0xe0000000-0xefffffff 64bit pref]
Jan 30 09:37:23 homeserver kernel: pci 0000:0b:00.0: [1022:148a] type 00 class 0x130000
Jan 30 09:37:23 homeserver kernel: pci 0000:0b:00.0: enabling Extended Tags
Jan 30 09:37:23 homeserver kernel: pci 0000:00:07.1: PCI bridge to [bus 0b]
Jan 30 09:37:23 homeserver kernel: pci 0000:0c:00.0: [1022:1485] type 00 class 0x130000
Jan 30 09:37:23 homeserver kernel: pci 0000:0c:00.0: enabling Extended Tags
Jan 30 09:37:23 homeserver kernel: pci 0000:0c:00.1: [1022:1486] type 00 class 0x108000
Jan 30 09:37:23 homeserver kernel: pci 0000:0c:00.1: reg 0x18: [mem 0xfc700000-0xfc7fffff]
Jan 30 09:37:23 homeserver kernel: pci 0000:0c:00.1: reg 0x24: [mem 0xfc808000-0xfc809fff]
Jan 30 09:37:23 homeserver kernel: pci 0000:0c:00.1: enabling Extended Tags
Jan 30 09:37:23 homeserver kernel: pci 0000:0c:00.3: [1022:149c] type 00 class 0x0c0330
Jan 30 09:37:23 homeserver kernel: pci 0000:0c:00.3: reg 0x10: [mem 0xfc600000-0xfc6fffff 64bit]
Jan 30 09:37:23 homeserver kernel: pci 0000:0c:00.3: enabling Extended Tags
Jan 30 09:37:23 homeserver kernel: pci 0000:0c:00.3: PME# supported from D0 D3hot D3cold
Jan 30 09:37:23 homeserver kernel: pci 0000:0c:00.4: [1022:1487] type 00 class 0x040300
Jan 30 09:37:23 homeserver kernel: pci 0000:0c:00.4: reg 0x10: [mem 0xfc800000-0xfc807fff]
Jan 30 09:37:23 homeserver kernel: pci 0000:0c:00.4: enabling Extended Tags
Jan 30 09:37:23 homeserver kernel: pci 0000:0c:00.4: PME# supported from D0 D3hot D3cold
Jan 30 09:37:23 homeserver kernel: pci 0000:00:08.1: PCI bridge to [bus 0c]
Jan 30 09:37:23 homeserver kernel: pci 0000:00:08.1:   bridge window [mem 0xfc600000-0xfc8fffff]
Jan 30 09:37:23 homeserver kernel: pci 0000:0d:00.0: [1022:7901] type 00 class 0x010601
Jan 30 09:37:23 homeserver kernel: pci 0000:0d:00.0: reg 0x24: [mem 0xfcd00000-0xfcd007ff]
Jan 30 09:37:23 homeserver kernel: pci 0000:0d:00.0: enabling Extended Tags
Jan 30 09:37:23 homeserver kernel: pci 0000:0d:00.0: PME# supported from D3hot D3cold
Jan 30 09:37:23 homeserver kernel: pci 0000:00:08.2: PCI bridge to [bus 0d]
Jan 30 09:37:23 homeserver kernel: pci 0000:00:08.2:   bridge window [mem 0xfcd00000-0xfcdfffff]
Jan 30 09:37:23 homeserver kernel: pci 0000:0e:00.0: [1022:7901] type 00 class 0x010601
Jan 30 09:37:23 homeserver kernel: pci 0000:0e:00.0: reg 0x24: [mem 0xfcc00000-0xfcc007ff]
Jan 30 09:37:23 homeserver kernel: pci 0000:0e:00.0: enabling Extended Tags
Jan 30 09:37:23 homeserver kernel: pci 0000:0e:00.0: PME# supported from D3hot D3cold
Jan 30 09:37:23 homeserver kernel: pci 0000:00:08.3: PCI bridge to [bus 0e]
Jan 30 09:37:23 homeserver kernel: pci 0000:00:08.3:   bridge window [mem 0xfcc00000-0xfccfffff]
Jan 30 09:37:23 homeserver kernel: ACPI: PCI Interrupt Link [LNKA] (IRQs 4 5 7 10 11 14 15) *0
Jan 30 09:37:23 homeserver kernel: ACPI: PCI Interrupt Link [LNKB] (IRQs 4 5 7 10 11 14 15) *0
Jan 30 09:37:23 homeserver kernel: ACPI: PCI Interrupt Link [LNKC] (IRQs 4 5 7 10 11 14 15) *0
Jan 30 09:37:23 homeserver kernel: ACPI: PCI Interrupt Link [LNKD] (IRQs 4 5 7 10 11 14 15) *0
Jan 30 09:37:23 homeserver kernel: ACPI: PCI Interrupt Link [LNKE] (IRQs 4 5 7 10 11 14 15) *0
Jan 30 09:37:23 homeserver kernel: ACPI: PCI Interrupt Link [LNKF] (IRQs 4 5 7 10 11 14 15) *0
Jan 30 09:37:23 homeserver kernel: ACPI: PCI Interrupt Link [LNKG] (IRQs 4 5 7 10 11 14 15) *0
Jan 30 09:37:23 homeserver kernel: ACPI: PCI Interrupt Link [LNKH] (IRQs 4 5 7 10 11 14 15) *0
Jan 30 09:37:23 homeserver kernel: SCSI subsystem initialized
Jan 30 09:37:23 homeserver kernel: libata version 3.00 loaded.
Jan 30 09:37:23 homeserver kernel: pci 0000:0a:00.0: vgaarb: setting as boot VGA device
Jan 30 09:37:23 homeserver kernel: pci 0000:0a:00.0: vgaarb: VGA device added: decodes=io+mem,owns=io+mem,locks=none
Jan 30 09:37:23 homeserver kernel: pci 0000:0a:00.0: vgaarb: bridge control possible
Jan 30 09:37:23 homeserver kernel: vgaarb: loaded
Jan 30 09:37:23 homeserver kernel: ACPI: bus type USB registered
Jan 30 09:37:23 homeserver kernel: usbcore: registered new interface driver usbfs
Jan 30 09:37:23 homeserver kernel: usbcore: registered new interface driver hub
Jan 30 09:37:23 homeserver kernel: usbcore: registered new device driver usb
Jan 30 09:37:23 homeserver kernel: pps_core: LinuxPPS API ver. 1 registered
Jan 30 09:37:23 homeserver kernel: pps_core: Software ver. 5.3.6 - Copyright 2005-2007 Rodolfo Giometti <giometti@linux.it>
Jan 30 09:37:23 homeserver kernel: PTP clock support registered
Jan 30 09:37:23 homeserver kernel: EDAC MC: Ver: 3.0.0
Jan 30 09:37:23 homeserver kernel: Registered efivars operations
Jan 30 09:37:23 homeserver kernel: PCI: Using ACPI for IRQ routing
Jan 30 09:37:23 homeserver kernel: PCI: pci_cache_line_size set to 64 bytes
Jan 30 09:37:23 homeserver kernel: Expanded resource Reserved due to conflict with PCI Bus 0000:00
Jan 30 09:37:23 homeserver kernel: e820: reserve RAM buffer [mem 0x09d02000-0x0bffffff]
Jan 30 09:37:23 homeserver kernel: e820: reserve RAM buffer [mem 0x0a200000-0x0bffffff]
Jan 30 09:37:23 homeserver kernel: e820: reserve RAM buffer [mem 0x0b000000-0x0bffffff]
Jan 30 09:37:23 homeserver kernel: e820: reserve RAM buffer [mem 0xdb121000-0xdbffffff]
Jan 30 09:37:23 homeserver kernel: e820: reserve RAM buffer [mem 0xdc7a8000-0xdfffffff]
Jan 30 09:37:23 homeserver kernel: e820: reserve RAM buffer [mem 0xdf000000-0xdfffffff]
Jan 30 09:37:23 homeserver kernel: e820: reserve RAM buffer [mem 0x81f380000-0x81fffffff]
Jan 30 09:37:23 homeserver kernel: NetLabel: Initializing
Jan 30 09:37:23 homeserver kernel: NetLabel:  domain hash size = 128
Jan 30 09:37:23 homeserver kernel: NetLabel:  protocols = UNLABELED CIPSOv4 CALIPSO
Jan 30 09:37:23 homeserver kernel: NetLabel:  unlabeled traffic allowed by default
Jan 30 09:37:23 homeserver kernel: hpet0: at MMIO 0xfed00000, IRQs 2, 8, 0
Jan 30 09:37:23 homeserver kernel: hpet0: 3 comparators, 32-bit 14.318180 MHz counter
Jan 30 09:37:23 homeserver kernel: clocksource: Switched to clocksource tsc-early
Jan 30 09:37:23 homeserver kernel: VFS: Disk quotas dquot_6.6.0
Jan 30 09:37:23 homeserver kernel: VFS: Dquot-cache hash table entries: 512 (order 0, 4096 bytes)
Jan 30 09:37:23 homeserver kernel: *** VALIDATE hugetlbfs ***
Jan 30 09:37:23 homeserver kernel: AppArmor: AppArmor Filesystem Enabled
Jan 30 09:37:23 homeserver kernel: pnp: PnP ACPI init
Jan 30 09:37:23 homeserver kernel: system 00:00: [mem 0xf8000000-0xfbffffff] has been reserved
Jan 30 09:37:23 homeserver kernel: system 00:00: Plug and Play ACPI device, IDs PNP0c01 (active)
Jan 30 09:37:23 homeserver kernel: system 00:01: [mem 0xfeb80000-0xfebfffff] has been reserved
Jan 30 09:37:23 homeserver kernel: system 00:01: Plug and Play ACPI device, IDs PNP0c02 (active)
Jan 30 09:37:23 homeserver kernel: system 00:02: [mem 0xfd000000-0xfd0fffff] has been reserved
Jan 30 09:37:23 homeserver kernel: system 00:02: Plug and Play ACPI device, IDs PNP0c02 (active)
Jan 30 09:37:23 homeserver kernel: pnp 00:03: Plug and Play ACPI device, IDs PNP0b00 (active)
Jan 30 09:37:23 homeserver kernel: system 00:04: [io  0x0280-0x028f] has been reserved
Jan 30 09:37:23 homeserver kernel: system 00:04: [io  0x0290-0x029f] has been reserved
Jan 30 09:37:23 homeserver kernel: system 00:04: [io  0x02a0-0x02af] has been reserved
Jan 30 09:37:23 homeserver kernel: system 00:04: [io  0x02b0-0x02bf] has been reserved
Jan 30 09:37:23 homeserver kernel: system 00:04: Plug and Play ACPI device, IDs PNP0c02 (active)
Jan 30 09:37:23 homeserver kernel: system 00:05: [io  0x04d0-0x04d1] has been reserved
Jan 30 09:37:23 homeserver kernel: system 00:05: [io  0x040b] has been reserved
Jan 30 09:37:23 homeserver kernel: system 00:05: [io  0x04d6] has been reserved
Jan 30 09:37:23 homeserver kernel: system 00:05: [io  0x0c00-0x0c01] has been reserved
Jan 30 09:37:23 homeserver kernel: system 00:05: [io  0x0c14] has been reserved
Jan 30 09:37:23 homeserver kernel: system 00:05: [io  0x0c50-0x0c51] has been reserved
Jan 30 09:37:23 homeserver kernel: system 00:05: [io  0x0c52] has been reserved
Jan 30 09:37:23 homeserver kernel: system 00:05: [io  0x0c6c] has been reserved
Jan 30 09:37:23 homeserver kernel: system 00:05: [io  0x0c6f] has been reserved
Jan 30 09:37:23 homeserver kernel: system 00:05: [io  0x0cd0-0x0cd1] has been reserved
Jan 30 09:37:23 homeserver kernel: system 00:05: [io  0x0cd2-0x0cd3] has been reserved
Jan 30 09:37:23 homeserver kernel: system 00:05: [io  0x0cd4-0x0cd5] has been reserved
Jan 30 09:37:23 homeserver kernel: system 00:05: [io  0x0cd6-0x0cd7] has been reserved
Jan 30 09:37:23 homeserver kernel: system 00:05: [io  0x0cd8-0x0cdf] has been reserved
Jan 30 09:37:23 homeserver kernel: system 00:05: [io  0x0800-0x089f] has been reserved
Jan 30 09:37:23 homeserver kernel: system 00:05: [io  0x0b00-0x0b0f] has been reserved
Jan 30 09:37:23 homeserver kernel: system 00:05: [io  0x0b20-0x0b3f] has been reserved
Jan 30 09:37:23 homeserver kernel: system 00:05: [io  0x0900-0x090f] has been reserved
Jan 30 09:37:23 homeserver kernel: system 00:05: [io  0x0910-0x091f] has been reserved
Jan 30 09:37:23 homeserver kernel: system 00:05: [mem 0xfec00000-0xfec00fff] could not be reserved
Jan 30 09:37:23 homeserver kernel: system 00:05: [mem 0xfec01000-0xfec01fff] could not be reserved
Jan 30 09:37:23 homeserver kernel: system 00:05: [mem 0xfedc0000-0xfedc0fff] has been reserved
Jan 30 09:37:23 homeserver kernel: system 00:05: [mem 0xfee00000-0xfee00fff] has been reserved
Jan 30 09:37:23 homeserver kernel: system 00:05: [mem 0xfed80000-0xfed8ffff] could not be reserved
Jan 30 09:37:23 homeserver kernel: system 00:05: [mem 0xfec10000-0xfec10fff] has been reserved
Jan 30 09:37:23 homeserver kernel: system 00:05: [mem 0xff000000-0xffffffff] has been reserved
Jan 30 09:37:23 homeserver kernel: system 00:05: Plug and Play ACPI device, IDs PNP0c02 (active)
Jan 30 09:37:23 homeserver kernel: pnp: PnP ACPI: found 6 devices
Jan 30 09:37:23 homeserver kernel: thermal_sys: Registered thermal governor 'fair_share'
Jan 30 09:37:23 homeserver kernel: thermal_sys: Registered thermal governor 'bang_bang'
Jan 30 09:37:23 homeserver kernel: thermal_sys: Registered thermal governor 'step_wise'
Jan 30 09:37:23 homeserver kernel: thermal_sys: Registered thermal governor 'user_space'
Jan 30 09:37:23 homeserver kernel: thermal_sys: Registered thermal governor 'power_allocator'
Jan 30 09:37:23 homeserver kernel: clocksource: acpi_pm: mask: 0xffffff max_cycles: 0xffffff, max_idle_ns: 2085701024 ns
Jan 30 09:37:23 homeserver kernel: pci 0000:00:01.1: PCI bridge to [bus 01]
Jan 30 09:37:23 homeserver kernel: pci 0000:00:01.1:   bridge window [mem 0xfcf00000-0xfcffffff]
Jan 30 09:37:23 homeserver kernel: pci 0000:03:00.0: PCI bridge to [bus 04]
Jan 30 09:37:23 homeserver kernel: pci 0000:03:01.0: PCI bridge to [bus 05]
Jan 30 09:37:23 homeserver kernel: pci 0000:03:04.0: PCI bridge to [bus 06]
Jan 30 09:37:23 homeserver kernel: pci 0000:03:05.0: PCI bridge to [bus 07]
Jan 30 09:37:23 homeserver kernel: pci 0000:03:06.0: PCI bridge to [bus 08]
Jan 30 09:37:23 homeserver kernel: pci 0000:03:06.0:   bridge window [mem 0xfca00000-0xfcafffff]
Jan 30 09:37:23 homeserver kernel: pci 0000:03:07.0: PCI bridge to [bus 09]
Jan 30 09:37:23 homeserver kernel: pci 0000:03:07.0:   bridge window [io  0xf000-0xffff]
Jan 30 09:37:23 homeserver kernel: pci 0000:03:07.0:   bridge window [mem 0xfc900000-0xfc9fffff]
Jan 30 09:37:23 homeserver kernel: pci 0000:02:00.2: PCI bridge to [bus 03-09]
Jan 30 09:37:23 homeserver kernel: pci 0000:02:00.2:   bridge window [io  0xf000-0xffff]
Jan 30 09:37:23 homeserver kernel: pci 0000:02:00.2:   bridge window [mem 0xfc900000-0xfcafffff]
Jan 30 09:37:23 homeserver kernel: pci 0000:00:01.3: PCI bridge to [bus 02-09]
Jan 30 09:37:23 homeserver kernel: pci 0000:00:01.3:   bridge window [io  0xf000-0xffff]
Jan 30 09:37:23 homeserver kernel: pci 0000:00:01.3:   bridge window [mem 0xfc900000-0xfcbfffff]
Jan 30 09:37:23 homeserver kernel: pci 0000:00:03.1: PCI bridge to [bus 0a]
Jan 30 09:37:23 homeserver kernel: pci 0000:00:03.1:   bridge window [io  0xe000-0xefff]
Jan 30 09:37:23 homeserver kernel: pci 0000:00:03.1:   bridge window [mem 0xfce00000-0xfcefffff]
Jan 30 09:37:23 homeserver kernel: pci 0000:00:03.1:   bridge window [mem 0xe0000000-0xefffffff 64bit pref]
Jan 30 09:37:23 homeserver kernel: pci 0000:00:07.1: PCI bridge to [bus 0b]
Jan 30 09:37:23 homeserver kernel: pci 0000:00:08.1: PCI bridge to [bus 0c]
Jan 30 09:37:23 homeserver kernel: pci 0000:00:08.1:   bridge window [mem 0xfc600000-0xfc8fffff]
Jan 30 09:37:23 homeserver kernel: pci 0000:00:08.2: PCI bridge to [bus 0d]
Jan 30 09:37:23 homeserver kernel: pci 0000:00:08.2:   bridge window [mem 0xfcd00000-0xfcdfffff]
Jan 30 09:37:23 homeserver kernel: pci 0000:00:08.3: PCI bridge to [bus 0e]
Jan 30 09:37:23 homeserver kernel: pci 0000:00:08.3:   bridge window [mem 0xfcc00000-0xfccfffff]
Jan 30 09:37:23 homeserver kernel: pci_bus 0000:00: resource 4 [io  0x0000-0x03af window]
Jan 30 09:37:23 homeserver kernel: pci_bus 0000:00: resource 5 [io  0x03e0-0x0cf7 window]
Jan 30 09:37:23 homeserver kernel: pci_bus 0000:00: resource 6 [io  0x03b0-0x03df window]
Jan 30 09:37:23 homeserver kernel: pci_bus 0000:00: resource 7 [io  0x0d00-0xffff window]
Jan 30 09:37:23 homeserver kernel: pci_bus 0000:00: resource 8 [mem 0x000a0000-0x000bffff window]
Jan 30 09:37:23 homeserver kernel: pci_bus 0000:00: resource 9 [mem 0x000c0000-0x000dffff window]
Jan 30 09:37:23 homeserver kernel: pci_bus 0000:00: resource 10 [mem 0xe0000000-0xfec2ffff window]
Jan 30 09:37:23 homeserver kernel: pci_bus 0000:00: resource 11 [mem 0xfee00000-0xffffffff window]
Jan 30 09:37:23 homeserver kernel: pci_bus 0000:01: resource 1 [mem 0xfcf00000-0xfcffffff]
Jan 30 09:37:23 homeserver kernel: pci_bus 0000:02: resource 0 [io  0xf000-0xffff]
Jan 30 09:37:23 homeserver kernel: pci_bus 0000:02: resource 1 [mem 0xfc900000-0xfcbfffff]
Jan 30 09:37:23 homeserver kernel: pci_bus 0000:03: resource 0 [io  0xf000-0xffff]
Jan 30 09:37:23 homeserver kernel: pci_bus 0000:03: resource 1 [mem 0xfc900000-0xfcafffff]
Jan 30 09:37:23 homeserver kernel: pci_bus 0000:08: resource 1 [mem 0xfca00000-0xfcafffff]
Jan 30 09:37:23 homeserver kernel: pci_bus 0000:09: resource 0 [io  0xf000-0xffff]
Jan 30 09:37:23 homeserver kernel: pci_bus 0000:09: resource 1 [mem 0xfc900000-0xfc9fffff]
Jan 30 09:37:23 homeserver kernel: pci_bus 0000:0a: resource 0 [io  0xe000-0xefff]
Jan 30 09:37:23 homeserver kernel: pci_bus 0000:0a: resource 1 [mem 0xfce00000-0xfcefffff]
Jan 30 09:37:23 homeserver kernel: pci_bus 0000:0a: resource 2 [mem 0xe0000000-0xefffffff 64bit pref]
Jan 30 09:37:23 homeserver kernel: pci_bus 0000:0c: resource 1 [mem 0xfc600000-0xfc8fffff]
Jan 30 09:37:23 homeserver kernel: pci_bus 0000:0d: resource 1 [mem 0xfcd00000-0xfcdfffff]
Jan 30 09:37:23 homeserver kernel: pci_bus 0000:0e: resource 1 [mem 0xfcc00000-0xfccfffff]
Jan 30 09:37:23 homeserver kernel: NET: Registered protocol family 2
Jan 30 09:37:23 homeserver kernel: tcp_listen_portaddr_hash hash table entries: 16384 (order: 6, 262144 bytes, linear)
Jan 30 09:37:23 homeserver kernel: TCP established hash table entries: 262144 (order: 9, 2097152 bytes, linear)
Jan 30 09:37:23 homeserver kernel: TCP bind hash table entries: 65536 (order: 8, 1048576 bytes, linear)
Jan 30 09:37:23 homeserver kernel: TCP: Hash tables configured (established 262144 bind 65536)
Jan 30 09:37:23 homeserver kernel: UDP hash table entries: 16384 (order: 7, 524288 bytes, linear)
Jan 30 09:37:23 homeserver kernel: UDP-Lite hash table entries: 16384 (order: 7, 524288 bytes, linear)
Jan 30 09:37:23 homeserver kernel: NET: Registered protocol family 1
Jan 30 09:37:23 homeserver kernel: NET: Registered protocol family 44
Jan 30 09:37:23 homeserver kernel: pci 0000:0a:00.0: Video device with shadowed ROM at [mem 0x000c0000-0x000dffff]
Jan 30 09:37:23 homeserver kernel: pci 0000:0a:00.1: D0 power state depends on 0000:0a:00.0
Jan 30 09:37:23 homeserver kernel: PCI: CLS 64 bytes, default 64
Jan 30 09:37:23 homeserver kernel: Trying to unpack rootfs image as initramfs...
Jan 30 09:37:23 homeserver kernel: Freeing initrd memory: 51312K
Jan 30 09:37:23 homeserver kernel: PCI-DMA: Using software bounce buffering for IO (SWIOTLB)
Jan 30 09:37:23 homeserver kernel: software IO TLB: mapped [mem 0xc6000000-0xca000000] (64MB)
Jan 30 09:37:23 homeserver kernel: amd_uncore: AMD NB counters detected
Jan 30 09:37:23 homeserver kernel: amd_uncore: AMD LLC counters detected
Jan 30 09:37:23 homeserver kernel: LVT offset 0 assigned for vector 0x400
Jan 30 09:37:23 homeserver kernel: perf: AMD IBS detected (0x000003ff)
Jan 30 09:37:23 homeserver kernel: check: Scanning for low memory corruption every 60 seconds
Jan 30 09:37:23 homeserver kernel: Initialise system trusted keyrings
Jan 30 09:37:23 homeserver kernel: Key type blacklist registered
Jan 30 09:37:23 homeserver kernel: workingset: timestamp_bits=36 max_order=23 bucket_order=0
Jan 30 09:37:23 homeserver kernel: zbud: loaded
Jan 30 09:37:23 homeserver kernel: squashfs: version 4.0 (2009/01/31) Phillip Lougher
Jan 30 09:37:23 homeserver kernel: fuse: init (API version 7.31)
Jan 30 09:37:23 homeserver kernel: Platform Keyring initialized
Jan 30 09:37:23 homeserver kernel: Key type asymmetric registered
Jan 30 09:37:23 homeserver kernel: Asymmetric key parser 'x509' registered
Jan 30 09:37:23 homeserver kernel: Block layer SCSI generic (bsg) driver version 0.4 loaded (major 244)
Jan 30 09:37:23 homeserver kernel: io scheduler mq-deadline registered
Jan 30 09:37:23 homeserver kernel: pcieport 0000:00:01.1: PME: Signaling with IRQ 25
Jan 30 09:37:23 homeserver kernel: pcieport 0000:00:01.3: PME: Signaling with IRQ 26
Jan 30 09:37:23 homeserver kernel: pcieport 0000:00:03.1: PME: Signaling with IRQ 27
Jan 30 09:37:23 homeserver kernel: pcieport 0000:00:07.1: PME: Signaling with IRQ 29
Jan 30 09:37:23 homeserver kernel: pcieport 0000:00:07.1: AER: enabled with IRQ 29
Jan 30 09:37:23 homeserver kernel: pcieport 0000:00:08.1: PME: Signaling with IRQ 30
Jan 30 09:37:23 homeserver kernel: pcieport 0000:00:08.1: AER: enabled with IRQ 30
Jan 30 09:37:23 homeserver kernel: pcieport 0000:00:08.2: PME: Signaling with IRQ 31
Jan 30 09:37:23 homeserver kernel: pcieport 0000:00:08.2: AER: enabled with IRQ 31
Jan 30 09:37:23 homeserver kernel: pcieport 0000:00:08.3: PME: Signaling with IRQ 32
Jan 30 09:37:23 homeserver kernel: pcieport 0000:00:08.3: AER: enabled with IRQ 32
Jan 30 09:37:23 homeserver kernel: shpchp: Standard Hot Plug PCI Controller Driver version: 0.4
Jan 30 09:37:23 homeserver kernel: efifb: probing for efifb
Jan 30 09:37:23 homeserver kernel: efifb: showing boot graphics
Jan 30 09:37:23 homeserver kernel: efifb: framebuffer at 0xe0000000, using 8128k, total 8128k
Jan 30 09:37:23 homeserver kernel: efifb: mode is 1920x1080x32, linelength=7680, pages=1
Jan 30 09:37:23 homeserver kernel: efifb: scrolling: redraw
Jan 30 09:37:23 homeserver kernel: efifb: Truecolor: size=8:8:8:8, shift=24:16:8:0
Jan 30 09:37:23 homeserver kernel: fbcon: Deferring console take-over
Jan 30 09:37:23 homeserver kernel: fb0: EFI VGA frame buffer device
Jan 30 09:37:23 homeserver kernel: intel_idle: disabled
Jan 30 09:37:23 homeserver kernel: input: Power Button as /devices/LNXSYSTM:00/LNXSYBUS:00/PNP0C0C:00/input/input0
Jan 30 09:37:23 homeserver kernel: ACPI: Power Button [PWRB]
Jan 30 09:37:23 homeserver kernel: input: Power Button as /devices/LNXSYSTM:00/LNXPWRBN:00/input/input1
Jan 30 09:37:23 homeserver kernel: ACPI: Power Button [PWRF]
Jan 30 09:37:23 homeserver kernel: ACPI: ACPI: processor limited to max C-state 0
Jan 30 09:37:23 homeserver kernel: Serial: 8250/16550 driver, 32 ports, IRQ sharing enabled
Jan 30 09:37:23 homeserver kernel: Linux agpgart interface v0.103
Jan 30 09:37:23 homeserver kernel: loop: module loaded
Jan 30 09:37:23 homeserver kernel: libphy: Fixed MDIO Bus: probed
Jan 30 09:37:23 homeserver kernel: tun: Universal TUN/TAP device driver, 1.6
Jan 30 09:37:23 homeserver kernel: PPP generic driver version 2.4.2
Jan 30 09:37:23 homeserver kernel: ehci_hcd: USB 2.0 'Enhanced' Host Controller (EHCI) Driver
Jan 30 09:37:23 homeserver kernel: ehci-pci: EHCI PCI platform driver
Jan 30 09:37:23 homeserver kernel: ehci-platform: EHCI generic platform driver
Jan 30 09:37:23 homeserver kernel: ohci_hcd: USB 1.1 'Open' Host Controller (OHCI) Driver
Jan 30 09:37:23 homeserver kernel: ohci-pci: OHCI PCI platform driver
Jan 30 09:37:23 homeserver kernel: ohci-platform: OHCI generic platform driver
Jan 30 09:37:23 homeserver kernel: uhci_hcd: USB Universal Host Controller Interface driver
Jan 30 09:37:23 homeserver kernel: xhci_hcd 0000:02:00.0: xHCI Host Controller
Jan 30 09:37:23 homeserver kernel: xhci_hcd 0000:02:00.0: new USB bus registered, assigned bus number 1
Jan 30 09:37:23 homeserver kernel: xhci_hcd 0000:02:00.0: hcc params 0x0200ef81 hci version 0x110 quirks 0x0000000000000410
Jan 30 09:37:23 homeserver kernel: usb usb1: New USB device found, idVendor=1d6b, idProduct=0002, bcdDevice= 5.03
Jan 30 09:37:23 homeserver kernel: usb usb1: New USB device strings: Mfr=3, Product=2, SerialNumber=1
Jan 30 09:37:23 homeserver kernel: usb usb1: Product: xHCI Host Controller
Jan 30 09:37:23 homeserver kernel: usb usb1: Manufacturer: Linux 5.3.0-29-generic xhci-hcd
Jan 30 09:37:23 homeserver kernel: usb usb1: SerialNumber: 0000:02:00.0
Jan 30 09:37:23 homeserver kernel: hub 1-0:1.0: USB hub found
Jan 30 09:37:23 homeserver kernel: hub 1-0:1.0: 10 ports detected
Jan 30 09:37:23 homeserver kernel: xhci_hcd 0000:02:00.0: xHCI Host Controller
Jan 30 09:37:23 homeserver kernel: xhci_hcd 0000:02:00.0: new USB bus registered, assigned bus number 2
Jan 30 09:37:23 homeserver kernel: xhci_hcd 0000:02:00.0: Host supports USB 3.1 Enhanced SuperSpeed
Jan 30 09:37:23 homeserver kernel: usb usb2: We don't know the algorithms for LPM for this host, disabling LPM.
Jan 30 09:37:23 homeserver kernel: usb usb2: New USB device found, idVendor=1d6b, idProduct=0003, bcdDevice= 5.03
Jan 30 09:37:23 homeserver kernel: usb usb2: New USB device strings: Mfr=3, Product=2, SerialNumber=1
Jan 30 09:37:23 homeserver kernel: usb usb2: Product: xHCI Host Controller
Jan 30 09:37:23 homeserver kernel: usb usb2: Manufacturer: Linux 5.3.0-29-generic xhci-hcd
Jan 30 09:37:23 homeserver kernel: usb usb2: SerialNumber: 0000:02:00.0
Jan 30 09:37:23 homeserver kernel: hub 2-0:1.0: USB hub found
Jan 30 09:37:23 homeserver kernel: hub 2-0:1.0: 4 ports detected
Jan 30 09:37:23 homeserver kernel: xhci_hcd 0000:0c:00.3: xHCI Host Controller
Jan 30 09:37:23 homeserver kernel: xhci_hcd 0000:0c:00.3: new USB bus registered, assigned bus number 3
Jan 30 09:37:23 homeserver kernel: xhci_hcd 0000:0c:00.3: hcc params 0x0278ffe5 hci version 0x110 quirks 0x0000000000000410
Jan 30 09:37:23 homeserver kernel: usb usb3: New USB device found, idVendor=1d6b, idProduct=0002, bcdDevice= 5.03
Jan 30 09:37:23 homeserver kernel: usb usb3: New USB device strings: Mfr=3, Product=2, SerialNumber=1
Jan 30 09:37:23 homeserver kernel: usb usb3: Product: xHCI Host Controller
Jan 30 09:37:23 homeserver kernel: usb usb3: Manufacturer: Linux 5.3.0-29-generic xhci-hcd
Jan 30 09:37:23 homeserver kernel: usb usb3: SerialNumber: 0000:0c:00.3
Jan 30 09:37:23 homeserver kernel: hub 3-0:1.0: USB hub found
Jan 30 09:37:23 homeserver kernel: hub 3-0:1.0: 4 ports detected
Jan 30 09:37:23 homeserver kernel: xhci_hcd 0000:0c:00.3: xHCI Host Controller
Jan 30 09:37:23 homeserver kernel: xhci_hcd 0000:0c:00.3: new USB bus registered, assigned bus number 4
Jan 30 09:37:23 homeserver kernel: xhci_hcd 0000:0c:00.3: Host supports USB 3.1 Enhanced SuperSpeed
Jan 30 09:37:23 homeserver kernel: usb usb4: We don't know the algorithms for LPM for this host, disabling LPM.
Jan 30 09:37:23 homeserver kernel: usb usb4: New USB device found, idVendor=1d6b, idProduct=0003, bcdDevice= 5.03
Jan 30 09:37:23 homeserver kernel: usb usb4: New USB device strings: Mfr=3, Product=2, SerialNumber=1
Jan 30 09:37:23 homeserver kernel: usb usb4: Product: xHCI Host Controller
Jan 30 09:37:23 homeserver kernel: usb usb4: Manufacturer: Linux 5.3.0-29-generic xhci-hcd
Jan 30 09:37:23 homeserver kernel: usb usb4: SerialNumber: 0000:0c:00.3
Jan 30 09:37:23 homeserver kernel: hub 4-0:1.0: USB hub found
Jan 30 09:37:23 homeserver kernel: hub 4-0:1.0: 4 ports detected
Jan 30 09:37:23 homeserver kernel: i8042: PNP: No PS/2 controller found.
Jan 30 09:37:23 homeserver kernel: mousedev: PS/2 mouse device common for all mice
Jan 30 09:37:23 homeserver kernel: rtc_cmos 00:03: RTC can wake from S4
Jan 30 09:37:23 homeserver kernel: rtc_cmos 00:03: registered as rtc0
Jan 30 09:37:23 homeserver kernel: rtc_cmos 00:03: alarms up to one month, y3k, 114 bytes nvram, hpet irqs
Jan 30 09:37:23 homeserver kernel: i2c /dev entries driver
Jan 30 09:37:23 homeserver kernel: device-mapper: uevent: version 1.0.3
Jan 30 09:37:23 homeserver kernel: device-mapper: ioctl: 4.40.0-ioctl (2019-01-18) initialised: dm-devel@redhat.com
Jan 30 09:37:23 homeserver kernel: platform eisa.0: Probing EISA bus 0
Jan 30 09:37:23 homeserver kernel: platform eisa.0: EISA: Cannot allocate resource for mainboard
Jan 30 09:37:23 homeserver kernel: platform eisa.0: Cannot allocate resource for EISA slot 1
Jan 30 09:37:23 homeserver kernel: platform eisa.0: Cannot allocate resource for EISA slot 2
Jan 30 09:37:23 homeserver kernel: platform eisa.0: Cannot allocate resource for EISA slot 3
Jan 30 09:37:23 homeserver kernel: platform eisa.0: Cannot allocate resource for EISA slot 4
Jan 30 09:37:23 homeserver kernel: platform eisa.0: Cannot allocate resource for EISA slot 5
Jan 30 09:37:23 homeserver kernel: platform eisa.0: Cannot allocate resource for EISA slot 6
Jan 30 09:37:23 homeserver kernel: platform eisa.0: Cannot allocate resource for EISA slot 7
Jan 30 09:37:23 homeserver kernel: platform eisa.0: Cannot allocate resource for EISA slot 8
Jan 30 09:37:23 homeserver kernel: platform eisa.0: EISA: Detected 0 cards
Jan 30 09:37:23 homeserver kernel: ledtrig-cpu: registered to indicate activity on CPUs
Jan 30 09:37:23 homeserver kernel: EFI Variables Facility v0.08 2004-May-17
Jan 30 09:37:23 homeserver kernel: NET: Registered protocol family 10
Jan 30 09:37:23 homeserver kernel: Segment Routing with IPv6
Jan 30 09:37:23 homeserver kernel: NET: Registered protocol family 17
Jan 30 09:37:23 homeserver kernel: Key type dns_resolver registered
Jan 30 09:37:23 homeserver kernel: RAS: Correctable Errors collector initialized.
Jan 30 09:37:23 homeserver kernel: microcode: CPU0: patch_level=0x08701013
Jan 30 09:37:23 homeserver kernel: microcode: CPU1: patch_level=0x08701013
Jan 30 09:37:23 homeserver kernel: microcode: CPU2: patch_level=0x08701013
Jan 30 09:37:23 homeserver kernel: microcode: CPU3: patch_level=0x08701013
Jan 30 09:37:23 homeserver kernel: microcode: CPU4: patch_level=0x08701013
Jan 30 09:37:23 homeserver kernel: microcode: CPU5: patch_level=0x08701013
Jan 30 09:37:23 homeserver kernel: microcode: CPU6: patch_level=0x08701013
Jan 30 09:37:23 homeserver kernel: microcode: CPU7: patch_level=0x08701013
Jan 30 09:37:23 homeserver kernel: microcode: CPU8: patch_level=0x08701013
Jan 30 09:37:23 homeserver kernel: microcode: CPU9: patch_level=0x08701013
Jan 30 09:37:23 homeserver kernel: microcode: CPU10: patch_level=0x08701013
Jan 30 09:37:23 homeserver kernel: microcode: CPU11: patch_level=0x08701013
Jan 30 09:37:23 homeserver kernel: microcode: Microcode Update Driver: v2.2.
Jan 30 09:37:23 homeserver kernel: *** VALIDATE rdt ***
Jan 30 09:37:23 homeserver kernel: resctrl: L3 allocation detected
Jan 30 09:37:23 homeserver kernel: resctrl: L3DATA allocation detected
Jan 30 09:37:23 homeserver kernel: resctrl: L3CODE allocation detected
Jan 30 09:37:23 homeserver kernel: resctrl: MB allocation detected
Jan 30 09:37:23 homeserver kernel: resctrl: L3 monitoring detected
Jan 30 09:37:23 homeserver kernel: sched_clock: Marking stable (519978977, 290547)->(526108870, -5839346)
Jan 30 09:37:23 homeserver kernel: registered taskstats version 1
Jan 30 09:37:23 homeserver kernel: Loading compiled-in X.509 certificates
Jan 30 09:37:23 homeserver kernel: Loaded X.509 cert 'Build time autogenerated kernel key: e010219b5d6ca0f28448e71ca03baad031d32c9b'
Jan 30 09:37:23 homeserver kernel: zswap: loaded using pool lzo/zbud
Jan 30 09:37:23 homeserver kernel: Key type big_key registered
Jan 30 09:37:23 homeserver kernel: Key type encrypted registered
Jan 30 09:37:23 homeserver kernel: AppArmor: AppArmor sha1 policy hashing enabled
Jan 30 09:37:23 homeserver kernel: ima: No TPM chip found, activating TPM-bypass!
Jan 30 09:37:23 homeserver kernel: ima: Allocated hash algorithm: sha1
Jan 30 09:37:23 homeserver kernel: No architecture policies found
Jan 30 09:37:23 homeserver kernel: evm: Initialising EVM extended attributes:
Jan 30 09:37:23 homeserver kernel: evm: security.selinux
Jan 30 09:37:23 homeserver kernel: evm: security.SMACK64
Jan 30 09:37:23 homeserver kernel: evm: security.SMACK64EXEC
Jan 30 09:37:23 homeserver kernel: evm: security.SMACK64TRANSMUTE
Jan 30 09:37:23 homeserver kernel: evm: security.SMACK64MMAP
Jan 30 09:37:23 homeserver kernel: evm: security.apparmor
Jan 30 09:37:23 homeserver kernel: evm: security.ima
Jan 30 09:37:23 homeserver kernel: evm: security.capability
Jan 30 09:37:23 homeserver kernel: evm: HMAC attrs: 0x1
Jan 30 09:37:23 homeserver kernel: PM:   Magic number: 4:396:640
Jan 30 09:37:23 homeserver kernel: rtc_cmos 00:03: setting system clock to 2020-01-30T15:37:20 UTC (1580398640)
Jan 30 09:37:23 homeserver kernel: acpi_cpufreq: overriding BIOS provided _PSD data
Jan 30 09:37:23 homeserver kernel: Freeing unused decrypted memory: 2040K
Jan 30 09:37:23 homeserver kernel: Freeing unused kernel image memory: 2668K
Jan 30 09:37:23 homeserver kernel: Write protecting the kernel read-only data: 22528k
Jan 30 09:37:23 homeserver kernel: Freeing unused kernel image memory: 2008K
Jan 30 09:37:23 homeserver kernel: Freeing unused kernel image memory: 1416K
Jan 30 09:37:23 homeserver kernel: x86/mm: Checked W+X mappings: passed, no W+X pages found.
Jan 30 09:37:23 homeserver kernel: Run /init as init process
Jan 30 09:37:23 homeserver kernel: dca service started, version 1.12.1
Jan 30 09:37:23 homeserver kernel: nvme nvme0: pci function 0000:01:00.0
Jan 30 09:37:23 homeserver kernel: ahci 0000:02:00.1: version 3.0
Jan 30 09:37:23 homeserver kernel: ahci 0000:02:00.1: SSS flag set, parallel bus scan disabled
Jan 30 09:37:23 homeserver kernel: ahci 0000:02:00.1: AHCI 0001.0301 32 slots 8 ports 6 Gbps 0x33 impl SATA mode
Jan 30 09:37:23 homeserver kernel: ahci 0000:02:00.1: flags: 64bit ncq sntf stag pm led clo only pmp pio slum part sxs deso sadm sds apst 
Jan 30 09:37:23 homeserver kernel: scsi host0: ahci
Jan 30 09:37:23 homeserver kernel: scsi host1: ahci
Jan 30 09:37:23 homeserver kernel: piix4_smbus 0000:00:14.0: SMBus Host Controller at 0xb00, revision 0
Jan 30 09:37:23 homeserver kernel: piix4_smbus 0000:00:14.0: Using register 0x02 for SMBus port selection
Jan 30 09:37:23 homeserver kernel: scsi host2: ahci
Jan 30 09:37:23 homeserver kernel: igb: Intel(R) Gigabit Ethernet Network Driver - version 5.6.0-k
Jan 30 09:37:23 homeserver kernel: scsi host3: ahci
Jan 30 09:37:23 homeserver kernel: igb: Copyright (c) 2007-2014 Intel Corporation.
Jan 30 09:37:23 homeserver kernel: scsi host4: ahci
Jan 30 09:37:23 homeserver kernel: scsi host5: ahci
Jan 30 09:37:23 homeserver kernel: scsi host6: ahci
Jan 30 09:37:23 homeserver kernel: scsi host7: ahci
Jan 30 09:37:23 homeserver kernel: ata1: SATA max UDMA/133 abar m131072@0xfcb80000 port 0xfcb80100 irq 54
Jan 30 09:37:23 homeserver kernel: ata2: SATA max UDMA/133 abar m131072@0xfcb80000 port 0xfcb80180 irq 54
Jan 30 09:37:23 homeserver kernel: ata3: DUMMY
Jan 30 09:37:23 homeserver kernel: ata4: DUMMY
Jan 30 09:37:23 homeserver kernel: ata5: SATA max UDMA/133 abar m131072@0xfcb80000 port 0xfcb80300 irq 54
Jan 30 09:37:23 homeserver kernel: ata6: SATA max UDMA/133 abar m131072@0xfcb80000 port 0xfcb80380 irq 54
Jan 30 09:37:23 homeserver kernel: ata7: DUMMY
Jan 30 09:37:23 homeserver kernel: ata8: DUMMY
Jan 30 09:37:23 homeserver kernel: ahci 0000:0d:00.0: AHCI 0001.0301 32 slots 1 ports 6 Gbps 0x1 impl SATA mode
Jan 30 09:37:23 homeserver kernel: ahci 0000:0d:00.0: flags: 64bit ncq sntf ilck pm led clo only pmp fbs pio slum part 
Jan 30 09:37:23 homeserver kernel: scsi host8: ahci
Jan 30 09:37:23 homeserver kernel: ata9: SATA max UDMA/133 abar m2048@0xfcd00000 port 0xfcd00100 irq 61
Jan 30 09:37:23 homeserver kernel: ahci 0000:0e:00.0: AHCI 0001.0301 32 slots 1 ports 6 Gbps 0x1 impl SATA mode
Jan 30 09:37:23 homeserver kernel: ahci 0000:0e:00.0: flags: 64bit ncq sntf ilck pm led clo only pmp fbs pio slum part 
Jan 30 09:37:23 homeserver kernel: scsi host9: ahci
Jan 30 09:37:23 homeserver kernel: ata10: SATA max UDMA/133 abar m2048@0xfcc00000 port 0xfcc00100 irq 63
Jan 30 09:37:23 homeserver kernel: pps pps0: new PPS source ptp0
Jan 30 09:37:23 homeserver kernel: igb 0000:09:00.0: added PHC on eth0
Jan 30 09:37:23 homeserver kernel: igb 0000:09:00.0: Intel(R) Gigabit Ethernet Network Connection
Jan 30 09:37:23 homeserver kernel: igb 0000:09:00.0: eth0: (PCIe:2.5Gb/s:Width x1) 70:85:c2:ff:19:39
Jan 30 09:37:23 homeserver kernel: igb 0000:09:00.0: eth0: PBA No: FFFFFF-0FF
Jan 30 09:37:23 homeserver kernel: igb 0000:09:00.0: Using MSI-X interrupts. 2 rx queue(s), 2 tx queue(s)
Jan 30 09:37:23 homeserver kernel: igb 0000:09:00.0 enp9s0: renamed from eth0
Jan 30 09:37:23 homeserver kernel: nvme nvme0: missing or invalid SUBNQN field.
Jan 30 09:37:23 homeserver kernel: nvme nvme0: Shutdown timeout set to 8 seconds
Jan 30 09:37:23 homeserver kernel: nvme nvme0: 32/0/0 default/read/poll queues
Jan 30 09:37:23 homeserver kernel: usb 1-4: new full-speed USB device number 2 using xhci_hcd
Jan 30 09:37:23 homeserver kernel:  nvme0n1: p1 p2
Jan 30 09:37:23 homeserver kernel: ata10: SATA link down (SStatus 0 SControl 300)
Jan 30 09:37:23 homeserver kernel: ata9: SATA link down (SStatus 0 SControl 300)
Jan 30 09:37:23 homeserver kernel: ata1: SATA link up 3.0 Gbps (SStatus 123 SControl 300)
Jan 30 09:37:23 homeserver kernel: ata1.00: ATA-8: WL3000GSA6472, 80.00A80, max UDMA/133
Jan 30 09:37:23 homeserver kernel: ata1.00: 5860533168 sectors, multi 16: LBA48 NCQ (depth 32), AA
Jan 30 09:37:23 homeserver kernel: ata1.00: configured for UDMA/133
Jan 30 09:37:23 homeserver kernel: scsi 0:0:0:0: Direct-Access     ATA      WL3000GSA6472    0A80 PQ: 0 ANSI: 5
Jan 30 09:37:23 homeserver kernel: sd 0:0:0:0: Attached scsi generic sg0 type 0
Jan 30 09:37:23 homeserver kernel: sd 0:0:0:0: [sda] 5860533168 512-byte logical blocks: (3.00 TB/2.73 TiB)
Jan 30 09:37:23 homeserver kernel: sd 0:0:0:0: [sda] 4096-byte physical blocks
Jan 30 09:37:23 homeserver kernel: sd 0:0:0:0: [sda] Write Protect is off
Jan 30 09:37:23 homeserver kernel: sd 0:0:0:0: [sda] Mode Sense: 00 3a 00 00
Jan 30 09:37:23 homeserver kernel: sd 0:0:0:0: [sda] Write cache: enabled, read cache: enabled, doesn't support DPO or FUA
Jan 30 09:37:23 homeserver kernel:  sda:
Jan 30 09:37:23 homeserver kernel: sd 0:0:0:0: [sda] Attached SCSI disk
Jan 30 09:37:23 homeserver kernel: usb 1-4: New USB device found, idVendor=046d, idProduct=c52b, bcdDevice=24.10
Jan 30 09:37:23 homeserver kernel: usb 1-4: New USB device strings: Mfr=1, Product=2, SerialNumber=0
Jan 30 09:37:23 homeserver kernel: usb 1-4: Product: USB Receiver
Jan 30 09:37:23 homeserver kernel: usb 1-4: Manufacturer: Logitech
Jan 30 09:37:23 homeserver kernel: usb 2-3: new SuperSpeed Gen 1 USB device number 2 using xhci_hcd
Jan 30 09:37:23 homeserver kernel: usb 2-3: New USB device found, idVendor=0951, idProduct=1666, bcdDevice= 1.10
Jan 30 09:37:23 homeserver kernel: usb 2-3: New USB device strings: Mfr=1, Product=2, SerialNumber=3
Jan 30 09:37:23 homeserver kernel: usb 2-3: Product: DataTraveler 3.0
Jan 30 09:37:23 homeserver kernel: usb 2-3: Manufacturer: Kingston
Jan 30 09:37:23 homeserver kernel: usb 2-3: SerialNumber: 60A44C426697B0A199810057
Jan 30 09:37:23 homeserver kernel: usb-storage 2-3:1.0: USB Mass Storage device detected
Jan 30 09:37:23 homeserver kernel: scsi host10: usb-storage 2-3:1.0
Jan 30 09:37:23 homeserver kernel: usbcore: registered new interface driver usb-storage
Jan 30 09:37:23 homeserver kernel: usbcore: registered new interface driver uas
Jan 30 09:37:23 homeserver kernel: usb 1-6: new full-speed USB device number 3 using xhci_hcd
Jan 30 09:37:23 homeserver kernel: tsc: Refined TSC clocksource calibration: 3792.875 MHz
Jan 30 09:37:23 homeserver kernel: clocksource: tsc: mask: 0xffffffffffffffff max_cycles: 0x6d581b92771, max_idle_ns: 881590605997 ns
Jan 30 09:37:23 homeserver kernel: clocksource: Switched to clocksource tsc
Jan 30 09:37:23 homeserver kernel: ata2: SATA link up 6.0 Gbps (SStatus 133 SControl 300)
Jan 30 09:37:23 homeserver kernel: ata2.00: ATA-8: HITACHI HUA723030ALA640, MKAONS01, max UDMA/133
Jan 30 09:37:23 homeserver kernel: ata2.00: 5860533168 sectors, multi 16: LBA48 NCQ (depth 32), AA
Jan 30 09:37:23 homeserver kernel: ata2.00: configured for UDMA/133
Jan 30 09:37:23 homeserver kernel: scsi 1:0:0:0: Direct-Access     ATA      HITACHI HUA72303 NS01 PQ: 0 ANSI: 5
Jan 30 09:37:23 homeserver kernel: sd 1:0:0:0: Attached scsi generic sg1 type 0
Jan 30 09:37:23 homeserver kernel: sd 1:0:0:0: [sdb] 5860533168 512-byte logical blocks: (3.00 TB/2.73 TiB)
Jan 30 09:37:23 homeserver kernel: sd 1:0:0:0: [sdb] Write Protect is off
Jan 30 09:37:23 homeserver kernel: sd 1:0:0:0: [sdb] Mode Sense: 00 3a 00 00
Jan 30 09:37:23 homeserver kernel: sd 1:0:0:0: [sdb] Write cache: disabled, read cache: enabled, doesn't support DPO or FUA
Jan 30 09:37:23 homeserver kernel:  sdb:
Jan 30 09:37:23 homeserver kernel: sd 1:0:0:0: [sdb] Attached SCSI disk
Jan 30 09:37:23 homeserver kernel: usb 1-6: config 1 interface 1 altsetting 0 endpoint 0x3 has wMaxPacketSize 0, skipping
Jan 30 09:37:23 homeserver kernel: usb 1-6: config 1 interface 1 altsetting 0 endpoint 0x83 has wMaxPacketSize 0, skipping
Jan 30 09:37:23 homeserver kernel: usb 1-6: New USB device found, idVendor=8087, idProduct=0aa7, bcdDevice= 0.01
Jan 30 09:37:23 homeserver kernel: usb 1-6: New USB device strings: Mfr=0, Product=0, SerialNumber=0
Jan 30 09:37:23 homeserver kernel: hidraw: raw HID events driver (C) Jiri Kosina
Jan 30 09:37:23 homeserver kernel: usbcore: registered new interface driver usbhid
Jan 30 09:37:23 homeserver kernel: usbhid: USB HID core driver
Jan 30 09:37:23 homeserver kernel: input: Logitech USB Receiver as /devices/pci0000:00/0000:00:01.3/0000:02:00.0/usb1/1-4/1-4:1.0/0003:046D:C52B.0001/input/input2
Jan 30 09:37:23 homeserver kernel: hid-generic 0003:046D:C52B.0001: input,hidraw0: USB HID v1.11 Keyboard [Logitech USB Receiver] on usb-0000:02:00.0-4/input0
Jan 30 09:37:23 homeserver kernel: input: Logitech USB Receiver Mouse as /devices/pci0000:00/0000:00:01.3/0000:02:00.0/usb1/1-4/1-4:1.1/0003:046D:C52B.0002/input/input3
Jan 30 09:37:23 homeserver kernel: input: Logitech USB Receiver Consumer Control as /devices/pci0000:00/0000:00:01.3/0000:02:00.0/usb1/1-4/1-4:1.1/0003:046D:C52B.0002/input/input4
Jan 30 09:37:23 homeserver kernel: input: Logitech USB Receiver System Control as /devices/pci0000:00/0000:00:01.3/0000:02:00.0/usb1/1-4/1-4:1.1/0003:046D:C52B.0002/input/input5
Jan 30 09:37:23 homeserver kernel: hid-generic 0003:046D:C52B.0002: input,hiddev0,hidraw1: USB HID v1.11 Mouse [Logitech USB Receiver] on usb-0000:02:00.0-4/input1
Jan 30 09:37:23 homeserver kernel: hid-generic 0003:046D:C52B.0003: hiddev1,hidraw2: USB HID v1.11 Device [Logitech USB Receiver] on usb-0000:02:00.0-4/input2
Jan 30 09:37:23 homeserver kernel: logitech-djreceiver 0003:046D:C52B.0003: hiddev0,hidraw0: USB HID v1.11 Device [Logitech USB Receiver] on usb-0000:02:00.0-4/input2
Jan 30 09:37:23 homeserver kernel: ata5: SATA link up 6.0 Gbps (SStatus 133 SControl 300)
Jan 30 09:37:23 homeserver kernel: ata5.00: ATA-8: Hitachi HUA723030ALA640, MKAOAA10, max UDMA/133
Jan 30 09:37:23 homeserver kernel: ata5.00: 5860533168 sectors, multi 16: LBA48 NCQ (depth 32), AA
Jan 30 09:37:23 homeserver kernel: ata5.00: configured for UDMA/133
Jan 30 09:37:23 homeserver kernel: scsi 4:0:0:0: Direct-Access     ATA      Hitachi HUA72303 AA10 PQ: 0 ANSI: 5
Jan 30 09:37:23 homeserver kernel: sd 4:0:0:0: Attached scsi generic sg2 type 0
Jan 30 09:37:23 homeserver kernel: sd 4:0:0:0: [sdc] 5860533168 512-byte logical blocks: (3.00 TB/2.73 TiB)
Jan 30 09:37:23 homeserver kernel: sd 4:0:0:0: [sdc] Write Protect is off
Jan 30 09:37:23 homeserver kernel: sd 4:0:0:0: [sdc] Mode Sense: 00 3a 00 00
Jan 30 09:37:23 homeserver kernel: sd 4:0:0:0: [sdc] Write cache: enabled, read cache: enabled, doesn't support DPO or FUA
Jan 30 09:37:23 homeserver kernel:  sdc:
Jan 30 09:37:23 homeserver kernel: sd 4:0:0:0: [sdc] Attached SCSI disk
Jan 30 09:37:23 homeserver kernel: input: Logitech Unifying Device. Wireless PID:404d Keyboard as /devices/pci0000:00/0000:00:01.3/0000:02:00.0/usb1/1-4/1-4:1.2/0003:046D:C52B.0003/0003:046D:404D.0004/input/input7
Jan 30 09:37:23 homeserver kernel: input: Logitech Unifying Device. Wireless PID:404d Mouse as /devices/pci0000:00/0000:00:01.3/0000:02:00.0/usb1/1-4/1-4:1.2/0003:046D:C52B.0003/0003:046D:404D.0004/input/input8
Jan 30 09:37:23 homeserver kernel: input: Logitech Unifying Device. Wireless PID:404d Consumer Control as /devices/pci0000:00/0000:00:01.3/0000:02:00.0/usb1/1-4/1-4:1.2/0003:046D:C52B.0003/0003:046D:404D.0004/input/input9
Jan 30 09:37:23 homeserver kernel: input: Logitech Unifying Device. Wireless PID:404d System Control as /devices/pci0000:00/0000:00:01.3/0000:02:00.0/usb1/1-4/1-4:1.2/0003:046D:C52B.0003/0003:046D:404D.0004/input/input10
Jan 30 09:37:23 homeserver kernel: hid-generic 0003:046D:404D.0004: input,hidraw1: USB HID v1.11 Keyboard [Logitech Unifying Device. Wireless PID:404d] on usb-0000:02:00.0-4/input2:1
Jan 30 09:37:23 homeserver kernel: scsi 10:0:0:0: Direct-Access     Kingston DataTraveler 3.0 PMAP PQ: 0 ANSI: 6
Jan 30 09:37:23 homeserver kernel: sd 10:0:0:0: Attached scsi generic sg3 type 0
Jan 30 09:37:23 homeserver kernel: sd 10:0:0:0: [sdd] 15138816 512-byte logical blocks: (7.75 GB/7.22 GiB)
Jan 30 09:37:23 homeserver kernel: sd 10:0:0:0: [sdd] Write Protect is off
Jan 30 09:37:23 homeserver kernel: sd 10:0:0:0: [sdd] Mode Sense: 45 00 00 00
Jan 30 09:37:23 homeserver kernel: sd 10:0:0:0: [sdd] Write cache: disabled, read cache: enabled, doesn't support DPO or FUA
Jan 30 09:37:23 homeserver kernel:  sdd: sdd1 sdd2
Jan 30 09:37:23 homeserver kernel: sd 10:0:0:0: [sdd] Attached SCSI removable disk
Jan 30 09:37:23 homeserver kernel: input: Logitech K400 Plus as /devices/pci0000:00/0000:00:01.3/0000:02:00.0/usb1/1-4/1-4:1.2/0003:046D:C52B.0003/0003:046D:404D.0004/input/input14
Jan 30 09:37:23 homeserver kernel: logitech-hidpp-device 0003:046D:404D.0004: input,hidraw1: USB HID v1.11 Keyboard [Logitech K400 Plus] on usb-0000:02:00.0-4/input2:1
Jan 30 09:37:23 homeserver kernel: ata6: SATA link up 6.0 Gbps (SStatus 133 SControl 300)
Jan 30 09:37:23 homeserver kernel: ata6.00: ATA-8: HITACHI HUA723030ALA640, MKAONS01, max UDMA/133
Jan 30 09:37:23 homeserver kernel: ata6.00: 5860533168 sectors, multi 16: LBA48 NCQ (depth 32), AA
Jan 30 09:37:23 homeserver kernel: ata6.00: configured for UDMA/133
Jan 30 09:37:23 homeserver kernel: scsi 5:0:0:0: Direct-Access     ATA      HITACHI HUA72303 NS01 PQ: 0 ANSI: 5
Jan 30 09:37:23 homeserver kernel: sd 5:0:0:0: Attached scsi generic sg4 type 0
Jan 30 09:37:23 homeserver kernel: sd 5:0:0:0: [sde] 5860533168 512-byte logical blocks: (3.00 TB/2.73 TiB)
Jan 30 09:37:23 homeserver kernel: sd 5:0:0:0: [sde] Write Protect is off
Jan 30 09:37:23 homeserver kernel: sd 5:0:0:0: [sde] Mode Sense: 00 3a 00 00
Jan 30 09:37:23 homeserver kernel: sd 5:0:0:0: [sde] Write cache: disabled, read cache: enabled, doesn't support DPO or FUA
Jan 30 09:37:23 homeserver kernel:  sde:
Jan 30 09:37:23 homeserver kernel: sd 5:0:0:0: [sde] Attached SCSI disk
Jan 30 09:37:23 homeserver kernel: md/raid10:md0: active with 4 out of 4 devices
Jan 30 09:37:23 homeserver kernel: md0: detected capacity change from 0 to 6000914464768
Jan 30 09:37:23 homeserver kernel: raid6: avx2x4   gen() 39351 MB/s
Jan 30 09:37:23 homeserver kernel: raid6: avx2x4   xor() 18002 MB/s
Jan 30 09:37:23 homeserver kernel: raid6: avx2x2   gen() 37267 MB/s
Jan 30 09:37:23 homeserver kernel: raid6: avx2x2   xor() 23996 MB/s
Jan 30 09:37:23 homeserver kernel: raid6: avx2x1   gen() 20776 MB/s
Jan 30 09:37:23 homeserver kernel: raid6: avx2x1   xor() 17623 MB/s
Jan 30 09:37:23 homeserver kernel: raid6: sse2x4   gen() 19023 MB/s
Jan 30 09:37:23 homeserver kernel: raid6: sse2x4   xor() 10971 MB/s
Jan 30 09:37:23 homeserver kernel: raid6: sse2x2   gen() 18333 MB/s
Jan 30 09:37:23 homeserver kernel: raid6: sse2x2   xor() 12173 MB/s
Jan 30 09:37:23 homeserver kernel: raid6: sse2x1   gen()  8719 MB/s
Jan 30 09:37:23 homeserver kernel: raid6: sse2x1   xor()  8885 MB/s
Jan 30 09:37:23 homeserver kernel: raid6: using algorithm avx2x4 gen() 39351 MB/s
Jan 30 09:37:23 homeserver kernel: raid6: .... xor() 18002 MB/s, rmw enabled
Jan 30 09:37:23 homeserver kernel: raid6: using avx2x2 recovery algorithm
Jan 30 09:37:23 homeserver kernel: xor: automatically using best checksumming function   avx       
Jan 30 09:37:23 homeserver kernel: async_tx: api initialized (async)
Jan 30 09:37:23 homeserver kernel: fbcon: Taking over console
Jan 30 09:37:23 homeserver kernel: Console: switching to colour frame buffer device 240x67
Jan 30 09:37:23 homeserver kernel: EXT4-fs (nvme0n1p2): mounted filesystem with ordered data mode. Opts: (null)
Jan 30 09:37:23 homeserver systemd[1]: Inserted module 'autofs4'
Jan 30 09:37:23 homeserver systemd[1]: systemd 242 running in system mode. (+PAM +AUDIT +SELINUX +IMA +APPARMOR +SMACK +SYSVINIT +UTMP +LIBCRYPTSETUP +GCRYPT +GNUTLS +ACL +XZ +LZ4 +SECCOMP +BLKID +ELFUTILS +KMOD +IDN2 -IDN +PCRE2 default-hierarchy=hybrid)
Jan 30 09:37:23 homeserver systemd[1]: Detected architecture x86-64.
Jan 30 09:37:23 homeserver systemd[1]: Set hostname to <homeserver>.
Jan 30 09:37:23 homeserver systemd[1]: Failed to bump fs.file-max, ignoring: Invalid argument
Jan 30 09:37:23 homeserver systemd[1]: /lib/systemd/system/dbus.socket:4: ListenStream= references a path below legacy directory /var/run/, updating /var/run/dbus/system_bus_socket  /run/dbus/system_bus_socket; please update the unit file accordingly.
Jan 30 09:37:23 homeserver systemd[1]: /lib/systemd/system/smbd.service:9: PIDFile= references a path below legacy directory /var/run/, updating /var/run/samba/smbd.pid  /run/samba/smbd.pid; please update the unit file accordingly.
Jan 30 09:37:23 homeserver systemd[1]: /lib/systemd/system/virtlockd.socket:5: ListenStream= references a path below legacy directory /var/run/, updating /var/run/libvirt/virtlockd-sock  /run/libvirt/virtlockd-sock; please update the unit file accordingly.
Jan 30 09:37:23 homeserver systemd[1]: /lib/systemd/system/virtlockd-admin.socket:5: ListenStream= references a path below legacy directory /var/run/, updating /var/run/libvirt/virtlockd-admin-sock  /run/libvirt/virtlockd-admin-sock; please update the unit file accordingly.
Jan 30 09:37:23 homeserver systemd[1]: /lib/systemd/system/virtlogd.socket:5: ListenStream= references a path below legacy directory /var/run/, updating /var/run/libvirt/virtlogd-sock  /run/libvirt/virtlogd-sock; please update the unit file accordingly.
Jan 30 09:37:23 homeserver systemd[1]: /lib/systemd/system/virtlogd-admin.socket:5: ListenStream= references a path below legacy directory /var/run/, updating /var/run/libvirt/virtlogd-admin-sock  /run/libvirt/virtlogd-admin-sock; please update the unit file accordingly.
Jan 30 09:37:23 homeserver kernel: EXT4-fs (nvme0n1p2): re-mounted. Opts: errors=remount-ro
Jan 30 09:37:23 homeserver kernel: lp: driver loaded but no devices found
Jan 30 09:37:23 homeserver kernel: ppdev: user-space parallel port driver
Jan 30 09:37:23 homeserver kernel: nct6775: Found NCT6792D or compatible chip at 0x2e:0x290
Jan 30 09:37:23 homeserver kernel: Bluetooth: Core ver 2.22
Jan 30 09:37:23 homeserver kernel: NET: Registered protocol family 31
Jan 30 09:37:23 homeserver kernel: Bluetooth: HCI device and connection manager initialized
Jan 30 09:37:23 homeserver kernel: Bluetooth: HCI socket layer initialized
Jan 30 09:37:23 homeserver kernel: Bluetooth: L2CAP socket layer initialized
Jan 30 09:37:23 homeserver kernel: Bluetooth: SCO socket layer initialized
Jan 30 09:37:23 homeserver kernel: ccp 0000:0c:00.1: enabling device (0000 -> 0002)
Jan 30 09:37:23 homeserver kernel: ccp 0000:0c:00.1: ccp enabled
Jan 30 09:37:23 homeserver kernel: cfg80211: Loading compiled-in X.509 certificates for regulatory database
Jan 30 09:37:23 homeserver kernel: usbcore: registered new interface driver btusb
Jan 30 09:37:23 homeserver kernel: cfg80211: Loaded X.509 cert 'sforshee: 00b28ddf47aef9cea7'
Jan 30 09:37:23 homeserver kernel: Intel(R) Wireless WiFi driver for Linux
Jan 30 09:37:23 homeserver kernel: Copyright(c) 2003- 2015 Intel Corporation
Jan 30 09:37:23 homeserver kernel: iwlwifi 0000:08:00.0: enabling device (0000 -> 0002)
Jan 30 09:37:23 homeserver kernel: iwlwifi 0000:08:00.0: loaded firmware version 29.1654887522.0 op_mode iwlmvm
Jan 30 09:37:23 homeserver kernel: Bluetooth: hci0: read Intel version: 370810225019140f34
Jan 30 09:37:23 homeserver kernel: Bluetooth: hci0: Intel device is already patched. patch num: 34
Jan 30 09:37:23 homeserver kernel: Adding 8388604k swap on /swapfile.  Priority:-2 extents:5 across:9117692k SSFS
Jan 30 09:37:23 homeserver kernel: iwlwifi 0000:08:00.0: Detected Intel(R) Dual Band Wireless AC 3168, REV=0x220
Jan 30 09:37:23 homeserver systemd-journald[464]: Journal started
Jan 30 09:37:23 homeserver systemd-journald[464]: Runtime journal (/run/log/journal/82460a1f6c584c21bc21ad8251e48b91) is 8.0M, max 318.5M, 310.5M free.
Jan 30 09:37:23 homeserver mtp-probe[569]: checking bus 1, device 2: "/sys/devices/pci0000:00/0000:00:01.3/0000:02:00.0/usb1/1-4"
Jan 30 09:37:23 homeserver systemd-modules-load[470]: Inserted module 'lp'
Jan 30 09:37:23 homeserver mtp-probe[569]: bus: 1, device: 2 was not an MTP device
Jan 30 09:37:23 homeserver systemd-modules-load[470]: Inserted module 'ppdev'
Jan 30 09:37:23 homeserver mtp-probe[570]: checking bus 2, device 2: "/sys/devices/pci0000:00/0000:00:01.3/0000:02:00.0/usb2/2-3"
Jan 30 09:37:23 homeserver systemd-modules-load[470]: Inserted module 'parport_pc'
Jan 30 09:37:23 homeserver mtp-probe[570]: bus: 2, device: 2 was not an MTP device
Jan 30 09:37:23 homeserver systemd-modules-load[470]: Inserted module 'nct6775'
Jan 30 09:37:23 homeserver systemd-tmpfiles[479]: [/usr/lib/tmpfiles.d/speech-dispatcher.conf:1] Line references path below legacy directory /var/run/, updating /var/run/speech-dispatcher  /run/speech-dispatcher; please update the tmpfiles.d/ drop-in file accordingly.
Jan 30 09:37:23 homeserver systemd-tmpfiles[479]: [/usr/lib/tmpfiles.d/speech-dispatcher.conf:2] Line references path below legacy directory /var/run/, updating /var/run/speech-dispatcher/.cache  /run/speech-dispatcher/.cache; please update the tmpfiles.d/ drop-in file accordingly.
Jan 30 09:37:23 homeserver systemd-tmpfiles[479]: [/usr/lib/tmpfiles.d/speech-dispatcher.conf:3] Line references path below legacy directory /var/run/, updating /var/run/speech-dispatcher/.speech-dispatcher  /run/speech-dispatcher/.speech-dispatcher; please update the tmpfiles.d/ drop-in file accordingly.
Jan 30 09:37:23 homeserver systemd-tmpfiles[479]: [/usr/lib/tmpfiles.d/speech-dispatcher.conf:4] Line references path below legacy directory /var/run/, updating /var/run/speech-dispatcher/.cache/speech-dispatcher  /run/speech-dispatcher/.cache/speech-dispatcher; please update the tmpfiles.d/ drop-in file accordingly.
Jan 30 09:37:23 homeserver systemd-tmpfiles[479]: [/usr/lib/tmpfiles.d/speech-dispatcher.conf:5] Line references path below legacy directory /var/run/, updating /var/run/speech-dispatcher/log  /run/speech-dispatcher/log; please update the tmpfiles.d/ drop-in file accordingly.
Jan 30 09:37:23 homeserver systemd-udevd[516]: Using default interface naming scheme 'v240'.
Jan 30 09:37:23 homeserver systemd-udevd[516]: link_config: autonegotiation is unset or enabled, the speed and duplex are not writable.
Jan 30 09:37:23 homeserver systemd-udevd[542]: link_config: autonegotiation is unset or enabled, the speed and duplex are not writable.
Jan 30 09:37:23 homeserver kernel: iwlwifi 0000:08:00.0: base HW address: 0c:dd:24:e0:3f:85
Jan 30 09:37:23 homeserver kernel: [drm] radeon kernel modesetting enabled.
Jan 30 09:37:23 homeserver kernel: radeon 0000:0a:00.0: remove_conflicting_pci_framebuffers: bar 0: 0xe0000000 -> 0xefffffff
Jan 30 09:37:23 homeserver kernel: radeon 0000:0a:00.0: remove_conflicting_pci_framebuffers: bar 2: 0xfce00000 -> 0xfce3ffff
Jan 30 09:37:23 homeserver kernel: checking generic (e0000000 7f0000) vs hw (e0000000 10000000)
Jan 30 09:37:23 homeserver kernel: fb0: switching to radeondrmfb from EFI VGA
Jan 30 09:37:23 homeserver kernel: Console: switching to colour dummy device 80x25
Jan 30 09:37:23 homeserver kernel: radeon 0000:0a:00.0: vgaarb: deactivate vga console
Jan 30 09:37:23 homeserver kernel: [drm] initializing kernel modesetting (OLAND 0x1002:0x6613 0x1462:0x8094 0x87).
Jan 30 09:37:23 homeserver kernel: radeon 0000:0a:00.0: No more image in the PCI ROM
Jan 30 09:37:23 homeserver kernel: ATOM BIOS: 113
Jan 30 09:37:23 homeserver kernel: radeon 0000:0a:00.0: VRAM: 2048M 0x0000000000000000 - 0x000000007FFFFFFF (2048M used)
Jan 30 09:37:23 homeserver kernel: radeon 0000:0a:00.0: GTT: 2048M 0x0000000080000000 - 0x00000000FFFFFFFF
Jan 30 09:37:23 homeserver kernel: [drm] Detected VRAM RAM=2048M, BAR=256M
Jan 30 09:37:23 homeserver kernel: [drm] RAM width 64bits DDR
Jan 30 09:37:23 homeserver kernel: [TTM] Zone  kernel: Available graphics memory: 16307978 KiB
Jan 30 09:37:23 homeserver kernel: [TTM] Zone   dma32: Available graphics memory: 2097152 KiB
Jan 30 09:37:23 homeserver kernel: [TTM] Initializing pool allocator
Jan 30 09:37:23 homeserver kernel: [TTM] Initializing DMA pool allocator
Jan 30 09:37:23 homeserver kernel: [drm] radeon: 2048M of VRAM memory ready
Jan 30 09:37:23 homeserver kernel: [drm] radeon: 2048M of GTT memory ready.
Jan 30 09:37:23 homeserver kernel: [drm] Loading oland Microcode
Jan 30 09:37:23 homeserver kernel: [drm] Internal thermal controller with fan control
Jan 30 09:37:23 homeserver kernel: [drm] radeon: dpm initialized
Jan 30 09:37:23 homeserver kernel: [drm] Found VCE firmware/feedback version 50.0.1 / 17!
Jan 30 09:37:23 homeserver kernel: [drm] GART: num cpu pages 524288, num gpu pages 524288
Jan 30 09:37:23 homeserver kernel: [drm] PCIE gen 3 link speeds already enabled
Jan 30 09:37:23 homeserver kernel: ieee80211 phy0: Selected rate control algorithm 'iwl-mvm-rs'
Jan 30 09:37:23 homeserver kernel: thermal thermal_zone0: failed to read out thermal zone (-61)
Jan 30 09:37:23 homeserver kernel: [drm] PCIE GART of 2048M enabled (table at 0x00000000001D6000).
Jan 30 09:37:23 homeserver kernel: cryptd: max_cpu_qlen set to 1000
Jan 30 09:37:23 homeserver kernel: radeon 0000:0a:00.0: WB enabled
Jan 30 09:37:23 homeserver kernel: radeon 0000:0a:00.0: fence driver on ring 0 use gpu addr 0x0000000080000c00 and cpu addr 0x0000000006b0ca29
Jan 30 09:37:23 homeserver kernel: radeon 0000:0a:00.0: fence driver on ring 1 use gpu addr 0x0000000080000c04 and cpu addr 0x000000000c000886
Jan 30 09:37:23 homeserver kernel: radeon 0000:0a:00.0: fence driver on ring 2 use gpu addr 0x0000000080000c08 and cpu addr 0x00000000d8ada8f9
Jan 30 09:37:23 homeserver kernel: radeon 0000:0a:00.0: fence driver on ring 3 use gpu addr 0x0000000080000c0c and cpu addr 0x00000000dc14893b
Jan 30 09:37:23 homeserver kernel: radeon 0000:0a:00.0: fence driver on ring 4 use gpu addr 0x0000000080000c10 and cpu addr 0x00000000bec84c41
Jan 30 09:37:23 homeserver kernel: radeon 0000:0a:00.0: fence driver on ring 5 use gpu addr 0x0000000000075a18 and cpu addr 0x000000008901d51c
Jan 30 09:37:23 homeserver systemd[1]: Mounted Mount unit for gtk-common-themes, revision 1353.
Jan 30 09:37:23 homeserver systemd[1]: Condition check resulted in Dispatch Password Requests to Console Directory Watch being skipped.
Jan 30 09:37:23 homeserver systemd[1]: Condition check resulted in Rebuild Hardware Database being skipped.
Jan 30 09:37:23 homeserver systemd[1]: Condition check resulted in File System Check on Root Device being skipped.
Jan 30 09:37:23 homeserver systemd[1]: Condition check resulted in Set Up Additional Binary Formats being skipped.
Jan 30 09:37:23 homeserver systemd[1]: Listening on Load/Save RF Kill Switch Status /dev/rfkill Watch.
Jan 30 09:37:23 homeserver systemd[1]: Starting Flush Journal to Persistent Storage...
Jan 30 09:37:23 homeserver systemd[1]: Reached target Swap.
Jan 30 09:37:23 homeserver systemd[1]: Starting Load/Save RF Kill Switch Status...
Jan 30 09:37:23 homeserver kernel: AVX2 version of gcm_enc/dec engaged.
Jan 30 09:37:23 homeserver kernel: AES CTR mode by8 optimization enabled
Jan 30 09:37:23 homeserver kernel: snd_hda_intel 0000:0a:00.1: Handle vga_switcheroo audio client
Jan 30 09:37:23 homeserver kernel: snd_hda_intel 0000:0a:00.1: Force to non-snoop mode
Jan 30 09:37:23 homeserver kernel: snd_hda_intel 0000:0c:00.4: enabling device (0000 -> 0002)
Jan 30 09:37:23 homeserver systemd-journald[464]: Time spent on flushing to /var is 36.729ms for 1031 entries.
Jan 30 09:37:23 homeserver systemd-journald[464]: System journal (/var/log/journal/82460a1f6c584c21bc21ad8251e48b91) is 560.1M, max 4.0G, 3.4G free.
Jan 30 09:37:24 homeserver kernel: input: HDA ATI HDMI HDMI/DP,pcm=3 as /devices/pci0000:00/0000:00:03.1/0000:0a:00.1/sound/card0/input15
Jan 30 09:37:24 homeserver kernel: snd_hda_codec_realtek hdaudioC1D0: autoconfig for ALC1220: line_outs=3 (0x14/0x15/0x16/0x0/0x0) type:line
Jan 30 09:37:24 homeserver kernel: snd_hda_codec_realtek hdaudioC1D0:    speaker_outs=0 (0x0/0x0/0x0/0x0/0x0)
Jan 30 09:37:24 homeserver kernel: snd_hda_codec_realtek hdaudioC1D0:    hp_outs=1 (0x1b/0x0/0x0/0x0/0x0)
Jan 30 09:37:24 homeserver kernel: snd_hda_codec_realtek hdaudioC1D0:    mono: mono_out=0x0
Jan 30 09:37:24 homeserver kernel: snd_hda_codec_realtek hdaudioC1D0:    dig-out=0x1e/0x0
Jan 30 09:37:24 homeserver kernel: snd_hda_codec_realtek hdaudioC1D0:    inputs:
Jan 30 09:37:24 homeserver kernel: snd_hda_codec_realtek hdaudioC1D0:      Front Mic=0x19
Jan 30 09:37:24 homeserver kernel: snd_hda_codec_realtek hdaudioC1D0:      Rear Mic=0x18
Jan 30 09:37:24 homeserver kernel: snd_hda_codec_realtek hdaudioC1D0:      Line=0x1a
Jan 30 09:37:24 homeserver kernel: input: HD-Audio Generic Front Mic as /devices/pci0000:00/0000:00:08.1/0000:0c:00.4/sound/card1/input16
Jan 30 09:37:24 homeserver kernel: input: HD-Audio Generic Rear Mic as /devices/pci0000:00/0000:00:08.1/0000:0c:00.4/sound/card1/input17
Jan 30 09:37:24 homeserver kernel: input: HD-Audio Generic Line as /devices/pci0000:00/0000:00:08.1/0000:0c:00.4/sound/card1/input18
Jan 30 09:37:24 homeserver kernel: input: HD-Audio Generic Line Out Front as /devices/pci0000:00/0000:00:08.1/0000:0c:00.4/sound/card1/input19
Jan 30 09:37:24 homeserver kernel: input: HD-Audio Generic Line Out Surround as /devices/pci0000:00/0000:00:08.1/0000:0c:00.4/sound/card1/input20
Jan 30 09:37:24 homeserver kernel: input: HD-Audio Generic Line Out CLFE as /devices/pci0000:00/0000:00:08.1/0000:0c:00.4/sound/card1/input21
Jan 30 09:37:24 homeserver kernel: input: HD-Audio Generic Front Headphone as /devices/pci0000:00/0000:00:08.1/0000:0c:00.4/sound/card1/input22
Jan 30 09:37:24 homeserver kernel: iwlwifi 0000:08:00.0 wlp8s0: renamed from wlan0
Jan 30 09:37:24 homeserver systemd-udevd[920]: Using default interface naming scheme 'v240'.
Jan 30 09:37:24 homeserver systemd-udevd[920]: link_config: autonegotiation is unset or enabled, the speed and duplex are not writable.
Jan 30 09:37:24 homeserver systemd[1]: Started Load/Save RF Kill Switch Status.
Jan 30 09:37:24 homeserver systemd[1]: Condition check resulted in Dispatch Password Requests to Console Directory Watch being skipped.
Jan 30 09:37:24 homeserver systemd[1]: Condition check resulted in File System Check on Root Device being skipped.
Jan 30 09:37:24 homeserver systemd[1]: Condition check resulted in Rebuild Hardware Database being skipped.
Jan 30 09:37:24 homeserver systemd[1]: Condition check resulted in Set Up Additional Binary Formats being skipped.
Jan 30 09:37:24 homeserver systemd-udevd[498]: Process '/usr/sbin/alsactl -E HOME=/run/alsa restore 0' failed with exit code 99.
Jan 30 09:37:24 homeserver systemd-udevd[544]: Process '/usr/sbin/alsactl -E HOME=/run/alsa restore 1' failed with exit code 99.
Jan 30 09:37:24 homeserver systemd[1]: Started Flush Journal to Persistent Storage.
Jan 30 09:37:24 homeserver kernel: radeon 0000:0a:00.0: failed VCE resume (-110).
Jan 30 09:37:24 homeserver kernel: [drm] Supports vblank timestamp caching Rev 2 (21.10.2013).
Jan 30 09:37:24 homeserver kernel: [drm] Driver supports precise vblank timestamp query.
Jan 30 09:37:24 homeserver kernel: radeon 0000:0a:00.0: radeon: MSI limited to 32-bit
Jan 30 09:37:24 homeserver kernel: radeon 0000:0a:00.0: radeon: using MSI.
Jan 30 09:37:24 homeserver kernel: [drm] radeon: irq initialized.
Jan 30 09:37:24 homeserver systemd[1]: Found device Samsung SSD 970 EVO 500GB EFI\x20System\x20Partition.
Jan 30 09:37:24 homeserver systemd[1]: Starting File System Check on /dev/disk/by-uuid/555A-4C9F...
Jan 30 09:37:24 homeserver systemd[1]: Started File System Check Daemon to report status.
Jan 30 09:37:24 homeserver systemd-fsck[1064]: fsck.fat 4.1 (2017-01-24)
Jan 30 09:37:24 homeserver systemd-fsck[1064]: /dev/nvme0n1p1: 14 files, 2329/130812 clusters
Jan 30 09:37:24 homeserver systemd[1]: Started File System Check on /dev/disk/by-uuid/555A-4C9F.
Jan 30 09:37:24 homeserver systemd[1]: Mounting /boot/efi...
Jan 30 09:37:24 homeserver systemd[1]: Mounted /boot/efi.
Jan 30 09:37:24 homeserver kernel: [drm] ring test on 0 succeeded in 1 usecs
Jan 30 09:37:24 homeserver kernel: [drm] ring test on 1 succeeded in 1 usecs
Jan 30 09:37:24 homeserver kernel: [drm] ring test on 2 succeeded in 1 usecs
Jan 30 09:37:24 homeserver kernel: [drm] ring test on 3 succeeded in 3 usecs
Jan 30 09:37:24 homeserver kernel: [drm] ring test on 4 succeeded in 3 usecs
Jan 30 09:37:24 homeserver kernel: [drm] ring test on 5 succeeded in 1 usecs
Jan 30 09:37:24 homeserver kernel: [drm] UVD initialized successfully.
Jan 30 09:37:24 homeserver kernel: [drm] ib test on ring 0 succeeded in 0 usecs
Jan 30 09:37:24 homeserver kernel: [drm] ib test on ring 1 succeeded in 0 usecs
Jan 30 09:37:24 homeserver kernel: [drm] ib test on ring 2 succeeded in 0 usecs
Jan 30 09:37:24 homeserver kernel: [drm] ib test on ring 3 succeeded in 0 usecs
Jan 30 09:37:24 homeserver kernel: [drm] ib test on ring 4 succeeded in 0 usecs
Jan 30 09:37:24 homeserver systemd[1]: Mounted Mount unit for core18, revision 1668.
Jan 30 09:37:24 homeserver systemd-udevd[510]: Using default interface naming scheme 'v240'.
Jan 30 09:37:24 homeserver kernel: kvm: Nested Virtualization enabled
Jan 30 09:37:24 homeserver kernel: kvm: Nested Paging enabled
Jan 30 09:37:24 homeserver kernel: SVM: Virtual VMLOAD VMSAVE supported
Jan 30 09:37:24 homeserver kernel: SVM: Virtual GIF supported
Jan 30 09:37:24 homeserver kernel: MCE: In-kernel MCE decoding enabled.
Jan 30 09:37:24 homeserver kernel: EDAC amd64: Node 0: DRAM ECC disabled.
Jan 30 09:37:24 homeserver kernel: EDAC amd64: ECC disabled in the BIOS or no ECC capability, module will not load.
                                     Either enable ECC checking or force module loading by setting 'ecc_enable_override'.
                                     (Note that use of the override may cause unknown side effects.)
Jan 30 09:37:24 homeserver systemd[1]: Mounted Mount unit for gnome-3-28-1804, revision 116.
Jan 30 09:37:24 homeserver systemd[1]: Mounted Mount unit for core, revision 7917.
Jan 30 09:37:24 homeserver systemd[1]: Mounted Mount unit for core, revision 8268.
Jan 30 09:37:24 homeserver systemd[1]: Mounted Mount unit for core18, revision 1650.
Jan 30 09:37:24 homeserver kernel: EDAC amd64: Node 0: DRAM ECC disabled.
